<html>
<body>
<pre>
<h1>礦ision Build Log</h1>
<h2>Tool Versions:</h2>
IDE-Version: μVision V5.18.0.0
Copyright (C) 2016 ARM Ltd and ARM Germany GmbH. All rights reserved.
License Information: 1 GO AHEA, HP_Inc, LIC=9N08T-RS76P-F00N5-G29FK-1SV4R-JGYXP
 
Tool Versions:
Toolchain:       MDK-ARM Professional  Version: 5.18
Toolchain Path:  E:\MDK\MDK_IDE\ARM\ARMCC\Bin
C Compiler:      Armcc.exe V5.06 update 1 (build 61)
Assembler:       Armasm.exe V5.06 update 1 (build 61)
Linker/Locator:  ArmLink.exe V5.06 update 1 (build 61)
Library Manager: ArmAr.exe V5.06 update 1 (build 61)
Hex Converter:   FromElf.exe V5.06 update 1 (build 61)
CPU DLL:         SARMCM3.DLL V5.18
Dialog DLL:      DARMSTM.DLL V1.65.0.0
Target DLL:      Segger\JL2CM3.dll V2.99.18.0
Dialog DLL:      TARMSTM.DLL V1.64.0.0
 
<h2>Project:</h2>
F:\多功能智能轮椅\MBOT资料\MBOT教学资料\MBOT\2、底层单片机以及电路图相关\下位机单片机程序\改进版——已发送电压和四元数底层，\改进版——已发送电压和四元数底层\USER\MBOT.uvprojx
Project File Date:  07/29/2021

<h2>Output:</h2>
*** Using Compiler 'V5.06 update 6 (build 750)', folder: 'E:\MDK\MDK_IDE\ARM\ARMCC\Bin'
Build target 'MBOT'
compiling MBOT.c...
linking...
Program Size: Code=36456 RO-data=3656 RW-data=300 ZI-data=1884  
FromELF: creating hex file...
"..\OBJ\MBOT.axf" - 0 Error(s), 0 Warning(s).

<h2>Collection of Component include folders:</h2>
  F:\多功能智能轮椅\MBOT资料\MBOT教学资料\MBOT\2、底层单片机以及电路图相关\下位机单片机程序\改进版——已发送电压和四元数底层，\改进版——已发送电压和四元数底层\USER\RTE
  E:\MDK\MDK_IDE\ARM\PACK\Keil\STM32F1xx_DFP\1.0.5\Device\Include

<h2>Collection of Component Files used:</h2>
Build Time Elapsed:  00:00:02
</pre>
</body>
</html>
