Component: ARM Compiler 5.06 update 1 (build 61) Tool: armlink [4d35a8]

==============================================================================

Section Cross References

    system_stm32f10x.o(.text) refers to system_stm32f10x.o(.data) for SystemCoreClock
    mbot.o(.text) refers to stm32f10x_gpio.o(.text) for GPIO_PinRemapConfig
    mbot.o(.text) refers to sys.o(.text) for MY_NVIC_PriorityGroupConfig
    mbot.o(.text) refers to delay.o(.text) for delay_init
    mbot.o(.text) refers to led.o(.text) for LED_Init
    mbot.o(.text) refers to usart1.o(.text) for usart1_init
    mbot.o(.text) refers to usart3.o(.text) for usart3_init
    mbot.o(.text) refers to ioi2c.o(.text) for IIC_Init
    mbot.o(.text) refers to mpu6050.o(.text) for MPU6050_initialize
    mbot.o(.text) refers to encoder.o(.text) for Encoder_Init_TIM2
    mbot.o(.text) refers to adc.o(.text) for MY_ADC_Init
    mbot.o(.text) refers to pwm.o(.text) for Motor_Init
    mbot.o(.text) refers to pid.o(.text) for PID_Init
    mbot.o(.text) refers to myexti.o(.text) for MBOT_EXTI_Init
    mbot.o(.text) refers to ffix.o(x$fpl$ffix) for __aeabi_f2iz
    mbot.o(.text) refers to mbotlinuxusart.o(.text) for usartSendData
    mbot.o(.text) refers to stm32f10x_usart.o(.text) for USART_GetITStatus
    mbot.o(.text) refers to noretval__2printf.o(.text) for __2printf
    mbot.o(.text) refers to stm32f10x_exti.o(.text) for EXTI_ClearITPendingBit
    mbot.o(.text) refers to control.o(.data) for yaw
    mbot.o(.text) refers to mbotlinuxusart.o(.data) for sendCtrlFlag
    mbot.o(.text) refers to mpu6050.o(.data) for q0
    mbot.o(.text) refers to motor.o(.data) for rightSpeedNow
    mbot.o(.text) refers to mbot.o(.data) for hongwaiCount
    startup_stm32f10x_md.o(STACK) refers (Special) to heapauxi.o(.text) for __use_two_region_memory
    startup_stm32f10x_md.o(HEAP) refers (Special) to heapauxi.o(.text) for __use_two_region_memory
    startup_stm32f10x_md.o(RESET) refers (Special) to heapauxi.o(.text) for __use_two_region_memory
    startup_stm32f10x_md.o(RESET) refers to startup_stm32f10x_md.o(STACK) for __initial_sp
    startup_stm32f10x_md.o(RESET) refers to startup_stm32f10x_md.o(.text) for Reset_Handler
    startup_stm32f10x_md.o(RESET) refers to stm32f10x_it.o(.text) for NMI_Handler
    startup_stm32f10x_md.o(RESET) refers to mbot.o(.text) for EXTI2_IRQHandler
    startup_stm32f10x_md.o(RESET) refers to control.o(.text) for EXTI15_10_IRQHandler
    startup_stm32f10x_md.o(.text) refers (Special) to heapauxi.o(.text) for __use_two_region_memory
    startup_stm32f10x_md.o(.text) refers to system_stm32f10x.o(.text) for SystemInit
    startup_stm32f10x_md.o(.text) refers to __main.o(!!!main) for __main
    startup_stm32f10x_md.o(.text) refers to startup_stm32f10x_md.o(HEAP) for Heap_Mem
    startup_stm32f10x_md.o(.text) refers to startup_stm32f10x_md.o(STACK) for Stack_Mem
    stm32f10x_adc.o(.text) refers to stm32f10x_rcc.o(.text) for RCC_APB2PeriphResetCmd
    stm32f10x_gpio.o(.text) refers to stm32f10x_rcc.o(.text) for RCC_APB2PeriphResetCmd
    stm32f10x_i2c.o(.text) refers to stm32f10x_rcc.o(.text) for RCC_APB1PeriphResetCmd
    stm32f10x_tim.o(.text) refers to stm32f10x_rcc.o(.text) for RCC_APB2PeriphResetCmd
    stm32f10x_usart.o(.text) refers to stm32f10x_rcc.o(.text) for RCC_APB2PeriphResetCmd
    stm32f10x_rcc.o(.text) refers to stm32f10x_rcc.o(.data) for APBAHBPrescTable
    delay.o(.text) refers to misc.o(.text) for SysTick_CLKSourceConfig
    delay.o(.text) refers to system_stm32f10x.o(.data) for SystemCoreClock
    delay.o(.text) refers to delay.o(.data) for fac_us
    sys.o(.text) refers to sys.o(.emb_text) for WFI_SET
    led.o(.text) refers to stm32f10x_rcc.o(.text) for RCC_APB2PeriphClockCmd
    led.o(.text) refers to stm32f10x_gpio.o(.text) for GPIO_Init
    led.o(.text) refers to led.o(.data) for temp
    myexti.o(.text) refers to stm32f10x_rcc.o(.text) for RCC_APB2PeriphClockCmd
    myexti.o(.text) refers to stm32f10x_gpio.o(.text) for GPIO_Init
    myexti.o(.text) refers to stm32f10x_exti.o(.text) for EXTI_Init
    myexti.o(.text) refers to misc.o(.text) for NVIC_Init
    adc.o(.text) refers to stm32f10x_rcc.o(.text) for RCC_APB2PeriphClockCmd
    adc.o(.text) refers to stm32f10x_gpio.o(.text) for GPIO_Init
    adc.o(.text) refers to stm32f10x_adc.o(.text) for ADC_DeInit
    adc.o(.text) refers to dflt_clz.o(x$fpl$dfltu) for __aeabi_ui2d
    adc.o(.text) refers to dmul.o(x$fpl$dmul) for __aeabi_dmul
    adc.o(.text) refers to ddiv.o(x$fpl$ddiv) for __aeabi_ddiv
    adc.o(.text) refers to dfix.o(x$fpl$dfix) for __aeabi_d2iz
    adc.o(.text) refers to adc.o(.data) for Voltage_Temp
    encoder.o(.text) refers to stm32f10x_rcc.o(.text) for RCC_APB1PeriphClockCmd
    encoder.o(.text) refers to stm32f10x_gpio.o(.text) for GPIO_Init
    encoder.o(.text) refers to stm32f10x_tim.o(.text) for TIM_TimeBaseStructInit
    encoder.o(.text) refers to dflt_clz.o(x$fpl$dflt) for __aeabi_i2d
[...]
    gyro_orientation                         0x20000094   Data           9  mpu6050.o(.data)
    .data                                    0x200000a4   Section       44  inv_mpu.o(.data)
    st                                       0x200000a4   Data          44  inv_mpu.o(.data)
    .data                                    0x200000d0   Section       12  control.o(.data)
    .data                                    0x200000dc   Section       48  mbotlinuxusart.o(.data)
    checkSum                                 0x200000fc   Data           1  mbotlinuxusart.o(.data)
    USARTBufferIndex                         0x200000fd   Data           1  mbotlinuxusart.o(.data)
    j                                        0x200000fe   Data           2  mbotlinuxusart.o(.data)
    k                                        0x20000100   Data           2  mbotlinuxusart.o(.data)
    USARTReceiverFront                       0x20000102   Data           1  mbotlinuxusart.o(.data)
    Start_Flag                               0x20000103   Data           1  mbotlinuxusart.o(.data)
    dataLength                               0x20000104   Data           2  mbotlinuxusart.o(.data)
    length                                   0x20000108   Data           4  mbotlinuxusart.o(.data)
    .data                                    0x2000010c   Section       30  motor.o(.data)
    .bss                                     0x2000012c   Section      146  mpu6050.o(.bss)
    .bss                                     0x200001c0   Section       16  inv_mpu_dmp_motion_driver.o(.bss)
    dmp                                      0x200001c0   Data          16  inv_mpu_dmp_motion_driver.o(.bss)
    .bss                                     0x200001d0   Section       16  mbotlinuxusart.o(.bss)
    .bss                                     0x200001e0   Section       72  pid.o(.bss)
    .bss                                     0x20000228   Section       96  libspace.o(.bss)
    HEAP                                     0x20000288   Section      512  startup_stm32f10x_md.o(HEAP)
    Heap_Mem                                 0x20000288   Data         512  startup_stm32f10x_md.o(HEAP)
    STACK                                    0x20000488   Section     1024  startup_stm32f10x_md.o(STACK)
    Stack_Mem                                0x20000488   Data        1024  startup_stm32f10x_md.o(STACK)
    __initial_sp                             0x20000888   Data           0  startup_stm32f10x_md.o(STACK)

    Global Symbols

    Symbol Name                              Value     Ov Type        Size  Object(Section)

    BuildAttributes$$THM_ISAv4$P$D$K$B$S$PE$A:L22UL41UL21$X:L11$S22US41US21$IEEE1$IW$USESV6$~STKCKD$USESV7$~SHL$OTIME$ROPI$IEEEX$EBA8$UX$STANDARDLIB$REQ8$PRES8$EABIv2 0x00000000   Number         0  anon$$obj.o ABSOLUTE
    __ARM_use_no_argv                        0x00000000   Number         0  mbot.o ABSOLUTE
    __ARM_exceptions_init                     - Undefined Weak Reference
    __alloca_initialize                       - Undefined Weak Reference
    __arm_preinit_                            - Undefined Weak Reference
    __cpp_initialize__aeabi_                  - Undefined Weak Reference
    __cxa_finalize                            - Undefined Weak Reference
    __rt_locale                               - Undefined Weak Reference
    __sigvec_lookup                           - Undefined Weak Reference
    _atexit_init                              - Undefined Weak Reference
    _call_atexit_fns                          - Undefined Weak Reference
    _clock_init                               - Undefined Weak Reference
    _fp_trap_init                             - Undefined Weak Reference
    _fp_trap_shutdown                         - Undefined Weak Reference
    _get_lc_collate                           - Undefined Weak Reference
    _get_lc_ctype                             - Undefined Weak Reference
    _get_lc_monetary                          - Undefined Weak Reference
    _get_lc_numeric                           - Undefined Weak Reference
    _get_lc_time                              - Undefined Weak Reference
    _getenv_init                              - Undefined Weak Reference
    _handle_redirection                       - Undefined Weak Reference
    _init_alloc                               - Undefined Weak Reference
    _init_user_alloc                          - Undefined Weak Reference
    _initio                                   - Undefined Weak Reference
    _mutex_acquire                            - Undefined Weak Reference
    _mutex_release                            - Undefined Weak Reference
    _printf_post_padding                      - Undefined Weak Reference
    _printf_pre_padding                       - Undefined Weak Reference
    _printf_truncate_signed                   - Undefined Weak Reference
    _printf_truncate_unsigned                 - Undefined Weak Reference
    _rand_init                                - Undefined Weak Reference
    _signal_finish                            - Undefined Weak Reference
    _signal_init                              - Undefined Weak Reference
    _terminate_alloc                          - Undefined Weak Reference
    _terminate_user_alloc                     - Undefined Weak Reference
    _terminateio                              - Undefined Weak Reference
    __Vectors_Size                           0x000000ec   Number         0  startup_stm32f10x_md.o ABSOLUTE
    __Vectors                                0x08000000   Data           4  startup_stm32f10x_md.o(RESET)
    __Vectors_End                            0x080000ec   Data           0  startup_stm32f10x_md.o(RESET)
    __main                                   0x080000ed   Thumb Code     8  __main.o(!!!main)
    __scatterload                            0x080000f5   Thumb Code     0  __scatter.o(!!!scatter)
    __scatterload_rt2                        0x080000f5   Thumb Code    44  __scatter.o(!!!scatter)
    __scatterload_rt2_thumb_only             0x080000f5   Thumb Code     0  __scatter.o(!!!scatter)
    __scatterload_null                       0x08000103   Thumb Code     0  __scatter.o(!!!scatter)
    __decompress                             0x08000129   Thumb Code    90  __dczerorl2.o(!!dczerorl2)
    __decompress1                            0x08000129   Thumb Code     0  __dczerorl2.o(!!dczerorl2)
    __scatterload_zeroinit                   0x08000185   Thumb Code    28  __scatter_zi.o(!!handler_zi)
    _printf_d                                0x080001a1   Thumb Code     0  _printf_d.o(.ARM.Collect$$_printf_percent$$00000009)
    _printf_percent                          0x080001a1   Thumb Code     0  _printf_percent.o(.ARM.Collect$$_printf_percent$$00000000)
    _printf_percent_end                      0x080001a7   Thumb Code     0  _printf_percent_end.o(.ARM.Collect$$_printf_percent$$00000017)
    __rt_lib_init                            0x080001ab   Thumb Code     0  libinit.o(.ARM.Collect$$libinit$$00000000)
    __rt_lib_init_alloca_1                   0x080001ad   Thumb Code     0  libinit2.o(.ARM.Collect$$libinit$$0000002E)
    __rt_lib_init_argv_1                     0x080001ad   Thumb Code     0  libinit2.o(.ARM.Collect$$libinit$$0000002C)
    __rt_lib_init_atexit_1                   0x080001ad   Thumb Code     0  libinit2.o(.ARM.Collect$$libinit$$0000001B)
    __rt_lib_init_clock_1                    0x080001ad   Thumb Code     0  libinit2.o(.ARM.Collect$$libinit$$00000021)
    __rt_lib_init_cpp_1                      0x080001ad   Thumb Code     0  libinit2.o(.ARM.Collect$$libinit$$00000032)
    __rt_lib_init_exceptions_1               0x080001ad   Thumb Code     0  libinit2.o(.ARM.Collect$$libinit$$00000030)
    __rt_lib_init_fp_1                       0x080001ad   Thumb Code     0  libinit2.o(.ARM.Collect$$libinit$$00000002)
    __rt_lib_init_fp_trap_1                  0x080001ad   Thumb Code     0  libinit2.o(.ARM.Collect$$libinit$$0000001F)
    __rt_lib_init_getenv_1                   0x080001ad   Thumb Code     0  libinit2.o(.ARM.Collect$$libinit$$00000023)
    __rt_lib_init_heap_1                     0x080001ad   Thumb Code     0  libinit2.o(.ARM.Collect$$libinit$$0000000A)
    __rt_lib_init_lc_collate_1               0x080001ad   Thumb Code     0  libinit2.o(.ARM.Collect$$libinit$$00000011)
    __rt_lib_init_lc_ctype_1                 0x080001ad   Thumb Code     0  libinit2.o(.ARM.Collect$$libinit$$00000013)
    __rt_lib_init_lc_monetary_1              0x080001ad   Thumb Code     0  libinit2.o(.ARM.Collect$$libinit$$00000015)
    __rt_lib_init_lc_numeric_1               0x080001ad   Thumb Code     0  libinit2.o(.ARM.Collect$$libinit$$00000017)
    __rt_lib_init_lc_time_1                  0x080001ad   Thumb Code     0  libinit2.o(.ARM.Collect$$libinit$$00000019)
    __rt_lib_init_preinit_1                  0x080001ad   Thumb Code     0  libinit2.o(.ARM.Collect$$libinit$$00000004)
    __rt_lib_init_rand_1                     0x080001ad   Thumb Code     0  libinit2.o(.ARM.Collect$$libinit$$0000000E)
    __rt_lib_init_return                     0x080001ad   Thumb Code     0  libinit2.o(.ARM.Collect$$libinit$$00000033)
    __rt_lib_init_signal_1                   0x080001ad   Thumb Code     0  libinit2.o(.ARM.Collect$$libinit$$0000001D)
    __rt_lib_init_stdio_1                    0x080001ad   Thumb Code     0  libinit2.o(.ARM.Collect$$libinit$$00000025)
    __rt_lib_init_user_alloc_1               0x080001ad   Thumb Code     0  libinit2.o(.ARM.Collect$$libinit$$0000000C)
    __rt_lib_shutdown                        0x080001af   Thumb Code     0  libshutdown.o(.ARM.Collect$$libshutdown$$00000000)
    __rt_lib_shutdown_cpp_1                  0x080001b1   Thumb Code     0  libshutdown2.o(.ARM.Collect$$libshutdown$$00000002)
    __rt_lib_shutdown_fp_trap_1              0x080001b1   Thumb Code     0  libshutdown2.o(.ARM.Collect$$libshutdown$$00000007)
    __rt_lib_shutdown_heap_1                 0x080001b1   Thumb Code     0  libshutdown2.o(.ARM.Collect$$libshutdown$$0000000F)
    __rt_lib_shutdown_return                 0x080001b1   Thumb Code     0  libshutdown2.o(.ARM.Collect$$libshutdown$$00000010)
    __rt_lib_shutdown_signal_1               0x080001b1   Thumb Code     0  libshutdown2.o(.ARM.Collect$$libshutdown$$0000000A)
    __rt_lib_shutdown_stdio_1                0x080001b1   Thumb Code     0  libshutdown2.o(.ARM.Collect$$libshutdown$$00000004)
    __rt_lib_shutdown_user_alloc_1           0x080001b1   Thumb Code     0  libshutdown2.o(.ARM.Collect$$libshutdown$$0000000C)
    __rt_entry                               0x080001b3   Thumb Code     0  __rtentry.o(.ARM.Collect$$rtentry$$00000000)
    __rt_entry_presh_1                       0x080001b3   Thumb Code     0  __rtentry2.o(.ARM.Collect$$rtentry$$00000002)
    __rt_entry_sh                            0x080001b3   Thumb Code     0  __rtentry4.o(.ARM.Collect$$rtentry$$00000004)
    __rt_entry_li                            0x080001b9   Thumb Code     0  __rtentry2.o(.ARM.Collect$$rtentry$$0000000A)
    __rt_entry_postsh_1                      0x080001b9   Thumb Code     0  __rtentry2.o(.ARM.Collect$$rtentry$$00000009)
    __rt_entry_main                          0x080001bd   Thumb Code     0  __rtentry2.o(.ARM.Collect$$rtentry$$0000000D)
    __rt_entry_postli_1                      0x080001bd   Thumb Code     0  __rtentry2.o(.ARM.Collect$$rtentry$$0000000C)
    __rt_exit                                0x080001c5   Thumb Code     0  rtexit.o(.ARM.Collect$$rtexit$$00000000)
    __rt_exit_ls                             0x080001c7   Thumb Code     0  rtexit2.o(.ARM.Collect$$rtexit$$00000003)
    __rt_exit_prels_1                        0x080001c7   Thumb Code     0  rtexit2.o(.ARM.Collect$$rtexit$$00000002)
    __rt_exit_exit                           0x080001cb   Thumb Code     0  rtexit2.o(.ARM.Collect$$rtexit$$00000004)
    WFI_SET                                  0x080001d1   Thumb Code     2  sys.o(.emb_text)
    INTX_DISABLE                             0x080001d3   Thumb Code     2  sys.o(.emb_text)
    INTX_ENABLE                              0x080001d5   Thumb Code     2  sys.o(.emb_text)
    MSR_MSP                                  0x080001d7   Thumb Code     6  sys.o(.emb_text)
    NMI_Handler                              0x080001dd   Thumb Code     2  stm32f10x_it.o(.text)
    HardFault_Handler                        0x080001df   Thumb Code     4  stm32f10x_it.o(.text)
    MemManage_Handler                        0x080001e3   Thumb Code     4  stm32f10x_it.o(.text)
    BusFault_Handler                         0x080001e7   Thumb Code     4  stm32f10x_it.o(.text)
    UsageFault_Handler                       0x080001eb   Thumb Code     4  stm32f10x_it.o(.text)
    SVC_Handler                              0x080001ef   Thumb Code     2  stm32f10x_it.o(.text)
    DebugMon_Handler                         0x080001f1   Thumb Code     2  stm32f10x_it.o(.text)
    PendSV_Handler                           0x080001f3   Thumb Code     2  stm32f10x_it.o(.text)
    SysTick_Handler                          0x080001f5   Thumb Code     2  stm32f10x_it.o(.text)
    SystemInit                               0x080002d7   Thumb Code    78  system_stm32f10x.o(.text)
    SystemCoreClockUpdate                    0x08000325   Thumb Code   142  system_stm32f10x.o(.text)
    main                                     0x080003d9   Thumb Code   390  mbot.o(.text)
    USART1_IRQHandler                        0x0800055f   Thumb Code    38  mbot.o(.text)
    USART2_IRQHandler                        0x08000585   Thumb Code    58  mbot.o(.text)
    EXTI2_IRQHandler                         0x080005bf   Thumb Code    64  mbot.o(.text)
    USART3_IRQHandler                        0x080005ff   Thumb Code   770  mbot.o(.text)
    Reset_Handler                            0x08000915   Thumb Code     8  startup_stm32f10x_md.o(.text)
    ADC1_2_IRQHandler                        0x0800092f   Thumb Code     0  startup_stm32f10x_md.o(.text)
    CAN1_RX1_IRQHandler                      0x0800092f   Thumb Code     0  startup_stm32f10x_md.o(.text)
    CAN1_SCE_IRQHandler                      0x0800092f   Thumb Code     0  startup_stm32f10x_md.o(.text)
    DMA1_Channel1_IRQHandler                 0x0800092f   Thumb Code     0  startup_stm32f10x_md.o(.text)
    DMA1_Channel2_IRQHandler                 0x0800092f   Thumb Code     0  startup_stm32f10x_md.o(.text)
    DMA1_Channel3_IRQHandler                 0x0800092f   Thumb Code     0  startup_stm32f10x_md.o(.text)
    DMA1_Channel4_IRQHandler                 0x0800092f   Thumb Code     0  startup_stm32f10x_md.o(.text)
    DMA1_Channel5_IRQHandler                 0x0800092f   Thumb Code     0  startup_stm32f10x_md.o(.text)
    DMA1_Channel6_IRQHandler                 0x0800092f   Thumb Code     0  startup_stm32f10x_md.o(.text)
    DMA1_Channel7_IRQHandler                 0x0800092f   Thumb Code     0  startup_stm32f10x_md.o(.text)
    EXTI0_IRQHandler                         0x0800092f   Thumb Code     0  startup_stm32f10x_md.o(.text)
    EXTI1_IRQHandler                         0x0800092f   Thumb Code     0  startup_stm32f10x_md.o(.text)
    EXTI3_IRQHandler                         0x0800092f   Thumb Code     0  startup_stm32f10x_md.o(.text)
    EXTI4_IRQHandler                         0x0800092f   Thumb Code     0  startup_stm32f10x_md.o(.text)
    EXTI9_5_IRQHandler                       0x0800092f   Thumb Code     0  startup_stm32f10x_md.o(.text)
    FLASH_IRQHandler                         0x0800092f   Thumb Code     0  startup_stm32f10x_md.o(.text)
    I2C1_ER_IRQHandler                       0x0800092f   Thumb Code     0  startup_stm32f10x_md.o(.text)
    I2C1_EV_IRQHandler                       0x0800092f   Thumb Code     0  startup_stm32f10x_md.o(.text)
    I2C2_ER_IRQHandler                       0x0800092f   Thumb Code     0  startup_stm32f10x_md.o(.text)
    I2C2_EV_IRQHandler                       0x0800092f   Thumb Code     0  startup_stm32f10x_md.o(.text)
    PVD_IRQHandler                           0x0800092f   Thumb Code     0  startup_stm32f10x_md.o(.text)
    RCC_IRQHandler                           0x0800092f   Thumb Code     0  startup_stm32f10x_md.o(.text)
    RTCAlarm_IRQHandler                      0x0800092f   Thumb Code     0  startup_stm32f10x_md.o(.text)
    RTC_IRQHandler                           0x0800092f   Thumb Code     0  startup_stm32f10x_md.o(.text)
    SPI1_IRQHandler                          0x0800092f   Thumb Code     0  startup_stm32f10x_md.o(.text)
    SPI2_IRQHandler                          0x0800092f   Thumb Code     0  startup_stm32f10x_md.o(.text)
    TAMPER_IRQHandler                        0x0800092f   Thumb Code     0  startup_stm32f10x_md.o(.text)
    TIM1_BRK_IRQHandler                      0x0800092f   Thumb Code     0  startup_stm32f10x_md.o(.text)
    TIM1_CC_IRQHandler                       0x0800092f   Thumb Code     0  startup_stm32f10x_md.o(.text)
    TIM1_TRG_COM_IRQHandler                  0x0800092f   Thumb Code     0  startup_stm32f10x_md.o(.text)
    TIM1_UP_IRQHandler                       0x0800092f   Thumb Code     0  startup_stm32f10x_md.o(.text)
    TIM2_IRQHandler                          0x0800092f   Thumb Code     0  startup_stm32f10x_md.o(.text)
    TIM3_IRQHandler                          0x0800092f   Thumb Code     0  startup_stm32f10x_md.o(.text)
    TIM4_IRQHandler                          0x0800092f   Thumb Code     0  startup_stm32f10x_md.o(.text)
    USBWakeUp_IRQHandler                     0x0800092f   Thumb Code     0  startup_stm32f10x_md.o(.text)
    USB_HP_CAN1_TX_IRQHandler                0x0800092f   Thumb Code     0  startup_stm32f10x_md.o(.text)
    USB_LP_CAN1_RX0_IRQHandler               0x0800092f   Thumb Code     0  startup_stm32f10x_md.o(.text)
    WWDG_IRQHandler                          0x0800092f   Thumb Code     0  startup_stm32f10x_md.o(.text)
    __user_initial_stackheap                 0x08000931   Thumb Code     0  startup_stm32f10x_md.o(.text)
    ADC_DeInit                               0x08000955   Thumb Code    78  stm32f10x_adc.o(.text)
    ADC_Init                                 0x080009a3   Thumb Code    70  stm32f10x_adc.o(.text)
    ADC_StructInit                           0x080009e9   Thumb Code    18  stm32f10x_adc.o(.text)
    ADC_Cmd                                  0x080009fb   Thumb Code    22  stm32f10x_adc.o(.text)
    ADC_DMACmd                               0x08000a11   Thumb Code    22  stm32f10x_adc.o(.text)
    ADC_ITConfig                             0x08000a27   Thumb Code    24  stm32f10x_adc.o(.text)
    ADC_ResetCalibration                     0x08000a3f   Thumb Code    10  stm32f10x_adc.o(.text)
    ADC_GetResetCalibrationStatus            0x08000a49   Thumb Code    20  stm32f10x_adc.o(.text)
    ADC_StartCalibration                     0x08000a5d   Thumb Code    10  stm32f10x_adc.o(.text)
    ADC_GetCalibrationStatus                 0x08000a67   Thumb Code    20  stm32f10x_adc.o(.text)
    ADC_SoftwareStartConvCmd                 0x08000a7b   Thumb Code    22  stm32f10x_adc.o(.text)
    ADC_GetSoftwareStartConvStatus           0x08000a91   Thumb Code    20  stm32f10x_adc.o(.text)
    ADC_DiscModeChannelCountConfig           0x08000aa5   Thumb Code    24  stm32f10x_adc.o(.text)
    ADC_DiscModeCmd                          0x08000abd   Thumb Code    22  stm32f10x_adc.o(.text)
    ADC_RegularChannelConfig                 0x08000ad3   Thumb Code   184  stm32f10x_adc.o(.text)
    ADC_ExternalTrigConvCmd                  0x08000b8b   Thumb Code    22  stm32f10x_adc.o(.text)
    ADC_GetConversionValue                   0x08000ba1   Thumb Code     8  stm32f10x_adc.o(.text)
    ADC_GetDualModeConversionValue           0x08000ba9   Thumb Code     8  stm32f10x_adc.o(.text)
    ADC_AutoInjectedConvCmd                  0x08000bb1   Thumb Code    22  stm32f10x_adc.o(.text)
    ADC_InjectedDiscModeCmd                  0x08000bc7   Thumb Code    22  stm32f10x_adc.o(.text)
    ADC_ExternalTrigInjectedConvConfig       0x08000bdd   Thumb Code    16  stm32f10x_adc.o(.text)
    ADC_ExternalTrigInjectedConvCmd          0x08000bed   Thumb Code    22  stm32f10x_adc.o(.text)
    ADC_SoftwareStartInjectedConvCmd         0x08000c03   Thumb Code    22  stm32f10x_adc.o(.text)
    ADC_GetSoftwareStartInjectedConvCmdStatus 0x08000c19   Thumb Code    20  stm32f10x_adc.o(.text)
    ADC_InjectedChannelConfig                0x08000c2d   Thumb Code   130  stm32f10x_adc.o(.text)
    ADC_InjectedSequencerLengthConfig        0x08000caf   Thumb Code    24  stm32f10x_adc.o(.text)
    ADC_SetInjectedOffset                    0x08000cc7   Thumb Code    20  stm32f10x_adc.o(.text)
    ADC_GetInjectedConversionValue           0x08000cdb   Thumb Code    28  stm32f10x_adc.o(.text)
    ADC_AnalogWatchdogCmd                    0x08000cf7   Thumb Code    16  stm32f10x_adc.o(.text)
    ADC_AnalogWatchdogThresholdsConfig       0x08000d07   Thumb Code     6  stm32f10x_adc.o(.text)
    ADC_AnalogWatchdogSingleChannelConfig    0x08000d0d   Thumb Code    16  stm32f10x_adc.o(.text)
    ADC_TempSensorVrefintCmd                 0x08000d1d   Thumb Code    64  stm32f10x_adc.o(.text)
    ADC_GetFlagStatus                        0x08000d5d   Thumb Code    18  stm32f10x_adc.o(.text)
    ADC_ClearFlag                            0x08000d6f   Thumb Code     6  stm32f10x_adc.o(.text)
    ADC_GetITStatus                          0x08000d75   Thumb Code    36  stm32f10x_adc.o(.text)
    ADC_ClearITPendingBit                    0x08000d99   Thumb Code    10  stm32f10x_adc.o(.text)
    GPIO_DeInit                              0x08000da5   Thumb Code   172  stm32f10x_gpio.o(.text)
    GPIO_AFIODeInit                          0x08000e51   Thumb Code    20  stm32f10x_gpio.o(.text)
    GPIO_Init                                0x08000e65   Thumb Code   278  stm32f10x_gpio.o(.text)
    GPIO_StructInit                          0x08000f7b   Thumb Code    16  stm32f10x_gpio.o(.text)
    GPIO_ReadInputDataBit                    0x08000f8b   Thumb Code    18  stm32f10x_gpio.o(.text)
    GPIO_ReadInputData                       0x08000f9d   Thumb Code     8  stm32f10x_gpio.o(.text)
    GPIO_ReadOutputDataBit                   0x08000fa5   Thumb Code    18  stm32f10x_gpio.o(.text)
    GPIO_ReadOutputData                      0x08000fb7   Thumb Code     8  stm32f10x_gpio.o(.text)
    GPIO_SetBits                             0x08000fbf   Thumb Code     4  stm32f10x_gpio.o(.text)
    GPIO_ResetBits                           0x08000fc3   Thumb Code     4  stm32f10x_gpio.o(.text)
    GPIO_WriteBit                            0x08000fc7   Thumb Code    10  stm32f10x_gpio.o(.text)
    GPIO_Write                               0x08000fd1   Thumb Code     4  stm32f10x_gpio.o(.text)
    GPIO_PinLockConfig                       0x08000fd5   Thumb Code    18  stm32f10x_gpio.o(.text)
    GPIO_EventOutputConfig                   0x08000fe7   Thumb Code    26  stm32f10x_gpio.o(.text)
    GPIO_EventOutputCmd                      0x08001001   Thumb Code     6  stm32f10x_gpio.o(.text)
    GPIO_PinRemapConfig                      0x08001007   Thumb Code   138  stm32f10x_gpio.o(.text)
    GPIO_EXTILineConfig                      0x08001091   Thumb Code    66  stm32f10x_gpio.o(.text)
    GPIO_ETH_MediaInterfaceConfig            0x080010d3   Thumb Code     8  stm32f10x_gpio.o(.text)
    TIM_DeInit                               0x08001101   Thumb Code   424  stm32f10x_tim.o(.text)
    TIM_TimeBaseInit                         0x080012a9   Thumb Code   122  stm32f10x_tim.o(.text)
    TIM_OC1Init                              0x08001323   Thumb Code   132  stm32f10x_tim.o(.text)
    TIM_OC2Init                              0x080013a7   Thumb Code   154  stm32f10x_tim.o(.text)
    TIM_OC3Init                              0x08001441   Thumb Code   150  stm32f10x_tim.o(.text)
    TIM_OC4Init                              0x080014d7   Thumb Code   182  stm32f10x_tim.o(.text)
    TIM_SetIC4Prescaler                      0x0800158d   Thumb Code    26  stm32f10x_tim.o(.text)
    TIM_SetIC3Prescaler                      0x08001629   Thumb Code    18  stm32f10x_tim.o(.text)
    TIM_SetIC2Prescaler                      0x080016b5   Thumb Code    26  stm32f10x_tim.o(.text)
    TIM_SetIC1Prescaler                      0x08001751   Thumb Code    18  stm32f10x_tim.o(.text)
    TIM_ICInit                               0x080017cf   Thumb Code   150  stm32f10x_tim.o(.text)
    TIM_PWMIConfig                           0x08001865   Thumb Code   124  stm32f10x_tim.o(.text)
    TIM_BDTRConfig                           0x080018e1   Thumb Code    32  stm32f10x_tim.o(.text)
    TIM_TimeBaseStructInit                   0x08001901   Thumb Code    18  stm32f10x_tim.o(.text)
    TIM_OCStructInit                         0x08001913   Thumb Code    20  stm32f10x_tim.o(.text)
    TIM_ICStructInit                         0x08001927   Thumb Code    18  stm32f10x_tim.o(.text)
    TIM_BDTRStructInit                       0x08001939   Thumb Code    40  stm32f10x_tim.o(.text)
    TIM_Cmd                                  0x08001961   Thumb Code    24  stm32f10x_tim.o(.text)
    TIM_CtrlPWMOutputs                       0x08001979   Thumb Code    30  stm32f10x_tim.o(.text)
    TIM_ITConfig                             0x08001997   Thumb Code    18  stm32f10x_tim.o(.text)
    TIM_GenerateEvent                        0x080019a9   Thumb Code     4  stm32f10x_tim.o(.text)
    TIM_DMAConfig                            0x080019ad   Thumb Code    10  stm32f10x_tim.o(.text)
    TIM_DMACmd                               0x080019b7   Thumb Code    18  stm32f10x_tim.o(.text)
    TIM_InternalClockConfig                  0x080019c9   Thumb Code    12  stm32f10x_tim.o(.text)
    TIM_SelectInputTrigger                   0x080019d5   Thumb Code    18  stm32f10x_tim.o(.text)
    TIM_ITRxExternalClockConfig              0x080019e7   Thumb Code    24  stm32f10x_tim.o(.text)
    TIM_TIxExternalClockConfig               0x080019ff   Thumb Code    62  stm32f10x_tim.o(.text)
    TIM_ETRConfig                            0x08001a3d   Thumb Code    28  stm32f10x_tim.o(.text)
    TIM_ETRClockMode1Config                  0x08001a59   Thumb Code    54  stm32f10x_tim.o(.text)
    TIM_ETRClockMode2Config                  0x08001a8f   Thumb Code    32  stm32f10x_tim.o(.text)
    TIM_PrescalerConfig                      0x08001aaf   Thumb Code     6  stm32f10x_tim.o(.text)
    TIM_CounterModeConfig                    0x08001ab5   Thumb Code    18  stm32f10x_tim.o(.text)
    TIM_EncoderInterfaceConfig               0x08001ac7   Thumb Code    66  stm32f10x_tim.o(.text)
    TIM_ForcedOC1Config                      0x08001b09   Thumb Code    18  stm32f10x_tim.o(.text)
    TIM_ForcedOC2Config                      0x08001b1b   Thumb Code    26  stm32f10x_tim.o(.text)
    TIM_ForcedOC3Config                      0x08001b35   Thumb Code    18  stm32f10x_tim.o(.text)
    TIM_ForcedOC4Config                      0x08001b47   Thumb Code    26  stm32f10x_tim.o(.text)
    TIM_ARRPreloadConfig                     0x08001b61   Thumb Code    24  stm32f10x_tim.o(.text)
    TIM_SelectCOM                            0x08001b79   Thumb Code    24  stm32f10x_tim.o(.text)
    TIM_SelectCCDMA                          0x08001b91   Thumb Code    24  stm32f10x_tim.o(.text)
    TIM_CCPreloadControl                     0x08001ba9   Thumb Code    24  stm32f10x_tim.o(.text)
    TIM_OC1PreloadConfig                     0x08001bc1   Thumb Code    18  stm32f10x_tim.o(.text)
    TIM_OC2PreloadConfig                     0x08001bd3   Thumb Code    26  stm32f10x_tim.o(.text)
    TIM_OC3PreloadConfig                     0x08001bed   Thumb Code    18  stm32f10x_tim.o(.text)
    TIM_OC4PreloadConfig                     0x08001bff   Thumb Code    26  stm32f10x_tim.o(.text)
    TIM_OC1FastConfig                        0x08001c19   Thumb Code    18  stm32f10x_tim.o(.text)
    TIM_OC2FastConfig                        0x08001c2b   Thumb Code    26  stm32f10x_tim.o(.text)
    TIM_OC3FastConfig                        0x08001c45   Thumb Code    18  stm32f10x_tim.o(.text)
    TIM_OC4FastConfig                        0x08001c57   Thumb Code    26  stm32f10x_tim.o(.text)
    TIM_ClearOC1Ref                          0x08001c71   Thumb Code    18  stm32f10x_tim.o(.text)
    TIM_ClearOC2Ref                          0x08001c83   Thumb Code    24  stm32f10x_tim.o(.text)
    TIM_ClearOC3Ref                          0x08001c9b   Thumb Code    18  stm32f10x_tim.o(.text)
    TIM_ClearOC4Ref                          0x08001cad   Thumb Code    24  stm32f10x_tim.o(.text)
    TIM_OC1PolarityConfig                    0x08001cc5   Thumb Code    18  stm32f10x_tim.o(.text)
    TIM_OC1NPolarityConfig                   0x08001cd7   Thumb Code    18  stm32f10x_tim.o(.text)
    TIM_OC2PolarityConfig                    0x08001ce9   Thumb Code    26  stm32f10x_tim.o(.text)
    TIM_OC2NPolarityConfig                   0x08001d03   Thumb Code    26  stm32f10x_tim.o(.text)
    TIM_OC3PolarityConfig                    0x08001d1d   Thumb Code    26  stm32f10x_tim.o(.text)
    TIM_OC3NPolarityConfig                   0x08001d37   Thumb Code    26  stm32f10x_tim.o(.text)
    TIM_OC4PolarityConfig                    0x08001d51   Thumb Code    26  stm32f10x_tim.o(.text)
    TIM_CCxCmd                               0x08001d6b   Thumb Code    30  stm32f10x_tim.o(.text)
    TIM_CCxNCmd                              0x08001d89   Thumb Code    30  stm32f10x_tim.o(.text)
    TIM_SelectOCxM                           0x08001da7   Thumb Code    82  stm32f10x_tim.o(.text)
    TIM_UpdateDisableConfig                  0x08001df9   Thumb Code    24  stm32f10x_tim.o(.text)
    TIM_UpdateRequestConfig                  0x08001e11   Thumb Code    24  stm32f10x_tim.o(.text)
    TIM_SelectHallSensor                     0x08001e29   Thumb Code    24  stm32f10x_tim.o(.text)
    TIM_SelectOnePulseMode                   0x08001e41   Thumb Code    18  stm32f10x_tim.o(.text)
    TIM_SelectOutputTrigger                  0x08001e53   Thumb Code    18  stm32f10x_tim.o(.text)
    TIM_SelectSlaveMode                      0x08001e65   Thumb Code    18  stm32f10x_tim.o(.text)
    TIM_SelectMasterSlaveMode                0x08001e77   Thumb Code    18  stm32f10x_tim.o(.text)
    TIM_SetCounter                           0x08001e89   Thumb Code     4  stm32f10x_tim.o(.text)
    TIM_SetAutoreload                        0x08001e8d   Thumb Code     4  stm32f10x_tim.o(.text)
    TIM_SetCompare1                          0x08001e91   Thumb Code     4  stm32f10x_tim.o(.text)
    TIM_SetCompare2                          0x08001e95   Thumb Code     4  stm32f10x_tim.o(.text)
    TIM_SetCompare3                          0x08001e99   Thumb Code     4  stm32f10x_tim.o(.text)
    TIM_SetCompare4                          0x08001e9d   Thumb Code     6  stm32f10x_tim.o(.text)
    TIM_SetClockDivision                     0x08001ea3   Thumb Code    18  stm32f10x_tim.o(.text)
    TIM_GetCapture1                          0x08001eb5   Thumb Code     6  stm32f10x_tim.o(.text)
    TIM_GetCapture2                          0x08001ebb   Thumb Code     6  stm32f10x_tim.o(.text)
    TIM_GetCapture3                          0x08001ec1   Thumb Code     6  stm32f10x_tim.o(.text)
    TIM_GetCapture4                          0x08001ec7   Thumb Code     8  stm32f10x_tim.o(.text)
    TIM_GetCounter                           0x08001ecf   Thumb Code     6  stm32f10x_tim.o(.text)
    TIM_GetPrescaler                         0x08001ed5   Thumb Code     6  stm32f10x_tim.o(.text)
    TIM_GetFlagStatus                        0x08001edb   Thumb Code    18  stm32f10x_tim.o(.text)
    TIM_ClearFlag                            0x08001eed   Thumb Code     6  stm32f10x_tim.o(.text)
    TIM_GetITStatus                          0x08001ef3   Thumb Code    34  stm32f10x_tim.o(.text)
    TIM_ClearITPendingBit                    0x08001f15   Thumb Code     6  stm32f10x_tim.o(.text)
    USART_DeInit                             0x08001f1d   Thumb Code   134  stm32f10x_usart.o(.text)
    USART_Init                               0x08001fa3   Thumb Code   210  stm32f10x_usart.o(.text)
    USART_StructInit                         0x08002075   Thumb Code    24  stm32f10x_usart.o(.text)
    USART_ClockInit                          0x0800208d   Thumb Code    34  stm32f10x_usart.o(.text)
    USART_ClockStructInit                    0x080020af   Thumb Code    12  stm32f10x_usart.o(.text)
    USART_Cmd                                0x080020bb   Thumb Code    24  stm32f10x_usart.o(.text)
    USART_ITConfig                           0x080020d3   Thumb Code    74  stm32f10x_usart.o(.text)
    USART_DMACmd                             0x0800211d   Thumb Code    18  stm32f10x_usart.o(.text)
    USART_SetAddress                         0x0800212f   Thumb Code    18  stm32f10x_usart.o(.text)
    USART_WakeUpConfig                       0x08002141   Thumb Code    18  stm32f10x_usart.o(.text)
    USART_ReceiverWakeUpCmd                  0x08002153   Thumb Code    24  stm32f10x_usart.o(.text)
    USART_LINBreakDetectLengthConfig         0x0800216b   Thumb Code    18  stm32f10x_usart.o(.text)
    USART_LINCmd                             0x0800217d   Thumb Code    24  stm32f10x_usart.o(.text)
    USART_SendData                           0x08002195   Thumb Code     8  stm32f10x_usart.o(.text)
    USART_ReceiveData                        0x0800219d   Thumb Code    10  stm32f10x_usart.o(.text)
    USART_SendBreak                          0x080021a7   Thumb Code    10  stm32f10x_usart.o(.text)
    USART_SetGuardTime                       0x080021b1   Thumb Code    16  stm32f10x_usart.o(.text)
    USART_SetPrescaler                       0x080021c1   Thumb Code    16  stm32f10x_usart.o(.text)
    USART_SmartCardCmd                       0x080021d1   Thumb Code    24  stm32f10x_usart.o(.text)
    USART_SmartCardNACKCmd                   0x080021e9   Thumb Code    24  stm32f10x_usart.o(.text)
    USART_HalfDuplexCmd                      0x08002201   Thumb Code    24  stm32f10x_usart.o(.text)
    USART_OverSampling8Cmd                   0x08002219   Thumb Code    22  stm32f10x_usart.o(.text)
    USART_OneBitMethodCmd                    0x0800222f   Thumb Code    24  stm32f10x_usart.o(.text)
    USART_IrDAConfig                         0x08002247   Thumb Code    18  stm32f10x_usart.o(.text)
    USART_IrDACmd                            0x08002259   Thumb Code    24  stm32f10x_usart.o(.text)
    USART_GetFlagStatus                      0x08002271   Thumb Code    26  stm32f10x_usart.o(.text)
    USART_ClearFlag                          0x0800228b   Thumb Code    18  stm32f10x_usart.o(.text)
    USART_GetITStatus                        0x0800229d   Thumb Code    84  stm32f10x_usart.o(.text)
    USART_ClearITPendingBit                  0x080022f1   Thumb Code    52  stm32f10x_usart.o(.text)
    RCC_DeInit                               0x08002325   Thumb Code    64  stm32f10x_rcc.o(.text)
    RCC_HSEConfig                            0x08002365   Thumb Code    70  stm32f10x_rcc.o(.text)
    RCC_GetFlagStatus                        0x080023ab   Thumb Code    56  stm32f10x_rcc.o(.text)
    RCC_WaitForHSEStartUp                    0x080023e3   Thumb Code    56  stm32f10x_rcc.o(.text)
    RCC_AdjustHSICalibrationValue            0x0800241b   Thumb Code    20  stm32f10x_rcc.o(.text)
    RCC_HSICmd                               0x0800242f   Thumb Code     6  stm32f10x_rcc.o(.text)
    RCC_PLLConfig                            0x08002435   Thumb Code    24  stm32f10x_rcc.o(.text)
    RCC_PLLCmd                               0x0800244d   Thumb Code     6  stm32f10x_rcc.o(.text)
    RCC_SYSCLKConfig                         0x08002453   Thumb Code    18  stm32f10x_rcc.o(.text)
    RCC_GetSYSCLKSource                      0x08002465   Thumb Code    10  stm32f10x_rcc.o(.text)
    RCC_HCLKConfig                           0x0800246f   Thumb Code    18  stm32f10x_rcc.o(.text)
    RCC_PCLK1Config                          0x08002481   Thumb Code    18  stm32f10x_rcc.o(.text)
    RCC_PCLK2Config                          0x08002493   Thumb Code    20  stm32f10x_rcc.o(.text)
    RCC_ITConfig                             0x080024a7   Thumb Code    26  stm32f10x_rcc.o(.text)
    RCC_USBCLKConfig                         0x080024c1   Thumb Code     8  stm32f10x_rcc.o(.text)
    RCC_ADCCLKConfig                         0x080024c9   Thumb Code    18  stm32f10x_rcc.o(.text)
    RCC_LSEConfig                            0x080024db   Thumb Code    50  stm32f10x_rcc.o(.text)
    RCC_LSICmd                               0x0800250d   Thumb Code     6  stm32f10x_rcc.o(.text)
    RCC_RTCCLKConfig                         0x08002513   Thumb Code    12  stm32f10x_rcc.o(.text)
    RCC_RTCCLKCmd                            0x0800251f   Thumb Code     8  stm32f10x_rcc.o(.text)
    RCC_GetClocksFreq                        0x08002527   Thumb Code   192  stm32f10x_rcc.o(.text)
    RCC_AHBPeriphClockCmd                    0x080025e7   Thumb Code    26  stm32f10x_rcc.o(.text)
    RCC_APB2PeriphClockCmd                   0x08002601   Thumb Code    26  stm32f10x_rcc.o(.text)
    RCC_APB1PeriphClockCmd                   0x0800261b   Thumb Code    26  stm32f10x_rcc.o(.text)
    RCC_APB2PeriphResetCmd                   0x08002635   Thumb Code    26  stm32f10x_rcc.o(.text)
    RCC_APB1PeriphResetCmd                   0x0800264f   Thumb Code    26  stm32f10x_rcc.o(.text)
    RCC_BackupResetCmd                       0x08002669   Thumb Code     8  stm32f10x_rcc.o(.text)
    RCC_ClockSecuritySystemCmd               0x08002671   Thumb Code     6  stm32f10x_rcc.o(.text)
    RCC_MCOConfig                            0x08002677   Thumb Code     6  stm32f10x_rcc.o(.text)
    RCC_ClearFlag                            0x0800267d   Thumb Code    14  stm32f10x_rcc.o(.text)
    RCC_GetITStatus                          0x0800268b   Thumb Code    20  stm32f10x_rcc.o(.text)
    RCC_ClearITPendingBit                    0x0800269f   Thumb Code     6  stm32f10x_rcc.o(.text)
    NVIC_PriorityGroupConfig                 0x080026c9   Thumb Code    10  misc.o(.text)
    NVIC_Init                                0x080026d3   Thumb Code   100  misc.o(.text)
    NVIC_SetVectorTable                      0x08002737   Thumb Code    14  misc.o(.text)
    NVIC_SystemLPConfig                      0x08002745   Thumb Code    34  misc.o(.text)
    SysTick_CLKSourceConfig                  0x08002767   Thumb Code    40  misc.o(.text)
    EXTI_DeInit                              0x080027a5   Thumb Code    28  stm32f10x_exti.o(.text)
    EXTI_Init                                0x080027c1   Thumb Code   142  stm32f10x_exti.o(.text)
    EXTI_StructInit                          0x0800284f   Thumb Code    16  stm32f10x_exti.o(.text)
    EXTI_GenerateSWInterrupt                 0x0800285f   Thumb Code    16  stm32f10x_exti.o(.text)
    EXTI_GetFlagStatus                       0x0800286f   Thumb Code    22  stm32f10x_exti.o(.text)
    EXTI_ClearFlag                           0x08002885   Thumb Code     8  stm32f10x_exti.o(.text)
    EXTI_GetITStatus                         0x0800288d   Thumb Code    34  stm32f10x_exti.o(.text)
    EXTI_ClearITPendingBit                   0x080028af   Thumb Code     8  stm32f10x_exti.o(.text)
    delay_init                               0x080028c1   Thumb Code    50  delay.o(.text)
    delay_us                                 0x080028f3   Thumb Code    72  delay.o(.text)
    delay_ms                                 0x0800293b   Thumb Code    72  delay.o(.text)
    MY_NVIC_SetVectorTable                   0x08002995   Thumb Code    12  sys.o(.text)
    MY_NVIC_PriorityGroupConfig              0x080029a1   Thumb Code    36  sys.o(.text)
    MY_NVIC_Init                             0x080029c5   Thumb Code   116  sys.o(.text)
    Ex_NVIC_Config                           0x08002a39   Thumb Code   146  sys.o(.text)
    MYRCC_DeInit                             0x08002acb   Thumb Code    90  sys.o(.text)
    Sys_Standby                              0x08002b25   Thumb Code    68  sys.o(.text)
    Sys_Soft_Reset                           0x08002b69   Thumb Code    12  sys.o(.text)
    JTAG_Set                                 0x08002b75   Thumb Code    42  sys.o(.text)
    Stm32_Clock_Init                         0x08002b9f   Thumb Code   134  sys.o(.text)
    LED_Init                                 0x08002c51   Thumb Code    36  led.o(.text)
    Led_Flash                                0x08002c75   Thumb Code    54  led.o(.text)
    MBOT_EXTI_Init                           0x08002cb5   Thumb Code   108  myexti.o(.text)
    EXTI2_Init                               0x08002d21   Thumb Code   104  myexti.o(.text)
    MY_ADC_Init                              0x08002d8d   Thumb Code   132  adc.o(.text)
    Get_Adc                                  0x08002e11   Thumb Code    46  adc.o(.text)
    Get_battery_volt                         0x08002e3f   Thumb Code    78  adc.o(.text)
    Get_battery_volt_average                 0x08002e8d   Thumb Code    70  adc.o(.text)
    Encoder_Init_TIM2                        0x08002ef9   Thumb Code   164  encoder.o(.text)
    Encoder_Init_TIM4                        0x08002f9d   Thumb Code   158  encoder.o(.text)
    getTIMx_DetaCnt                          0x0800303b   Thumb Code    20  encoder.o(.text)
    Get_Motor_Speed                          0x0800304f   Thumb Code   152  encoder.o(.text)
    PWM_Init                                 0x0800310d   Thumb Code   160  pwm.o(.text)
    Motor_Init                               0x080031ad   Thumb Code    52  pwm.o(.text)
    usart1_init                              0x080031ed   Thumb Code   154  usart1.o(.text)
    usart2_init                              0x08003287   Thumb Code   156  usart1.o(.text)
    _sys_exit                                0x08003331   Thumb Code     6  usart3.o(.text)
    fputc                                    0x08003337   Thumb Code    24  usart3.o(.text)
    usart3_init                              0x0800334f   Thumb Code   158  usart3.o(.text)
    IIC_Init                                 0x080033f5   Thumb Code    40  ioi2c.o(.text)
    IIC_Start                                0x0800341d   Thumb Code    96  ioi2c.o(.text)
    IIC_Stop                                 0x0800347d   Thumb Code    68  ioi2c.o(.text)
    IIC_Wait_Ack                             0x080034c1   Thumb Code    96  ioi2c.o(.text)
    IIC_Ack                                  0x08003521   Thumb Code    72  ioi2c.o(.text)
    IIC_NAck                                 0x08003569   Thumb Code    70  ioi2c.o(.text)
    IIC_Send_Byte                            0x080035af   Thumb Code    94  ioi2c.o(.text)
    i2cWrite                                 0x0800360d   Thumb Code    96  ioi2c.o(.text)
    IIC_Read_Byte                            0x0800366d   Thumb Code   104  ioi2c.o(.text)
    i2cRead                                  0x080036d5   Thumb Code   118  ioi2c.o(.text)
    I2C_ReadOneByte                          0x0800374b   Thumb Code    70  ioi2c.o(.text)
    IICreadBytes                             0x08003791   Thumb Code   112  ioi2c.o(.text)
    IICwriteBytes                            0x08003801   Thumb Code    70  ioi2c.o(.text)
    IICreadByte                              0x08003847   Thumb Code    22  ioi2c.o(.text)
    IICwriteByte                             0x0800385d   Thumb Code    20  ioi2c.o(.text)
    IICwriteBits                             0x08003871   Thumb Code   106  ioi2c.o(.text)
    IICwriteBit                              0x080038db   Thumb Code    64  ioi2c.o(.text)
    MPU6050_newValues                        0x08003a29   Thumb Code   494  mpu6050.o(.text)
    MPU6050_setClockSource                   0x08003c17   Thumb Code    20  mpu6050.o(.text)
    MPU6050_setFullScaleGyroRange            0x08003c2b   Thumb Code    20  mpu6050.o(.text)
    MPU6050_setFullScaleAccelRange           0x08003c3f   Thumb Code    20  mpu6050.o(.text)
    MPU6050_setSleepEnabled                  0x08003c53   Thumb Code    18  mpu6050.o(.text)
    MPU6050_getDeviceID                      0x08003c65   Thumb Code    20  mpu6050.o(.text)
    MPU6050_testConnection                   0x08003c79   Thumb Code    18  mpu6050.o(.text)
    MPU6050_setI2CMasterModeEnabled          0x08003c8b   Thumb Code    18  mpu6050.o(.text)
    MPU6050_setI2CBypassEnabled              0x08003c9d   Thumb Code    18  mpu6050.o(.text)
    MPU6050_initialize                       0x08003caf   Thumb Code    40  mpu6050.o(.text)
    DMP_Init                                 0x08003cd7   Thumb Code   194  mpu6050.o(.text)
    Read_DMP                                 0x08003d99   Thumb Code   696  mpu6050.o(.text)
    Read_Temperature                         0x08004051   Thumb Code   110  mpu6050.o(.text)
    getAngle                                 0x080040bf   Thumb Code    74  mpu6050.o(.text)
    mpu_reg_dump                             0x080041bf   Thumb Code    72  inv_mpu.o(.text)
    mpu_read_reg                             0x08004207   Thumb Code    66  inv_mpu.o(.text)
    mpu_set_int_latched                      0x08004249   Thumb Code   102  inv_mpu.o(.text)
    mpu_set_sensors                          0x080042af   Thumb Code   202  inv_mpu.o(.text)
    mpu_set_bypass                           0x08004379   Thumb Code   328  inv_mpu.o(.text)
    mpu_reset_fifo                           0x080044c1   Thumb Code   444  inv_mpu.o(.text)
    mpu_configure_fifo                       0x0800467d   Thumb Code   106  inv_mpu.o(.text)
    mpu_set_lpf                              0x080046e7   Thumb Code   126  inv_mpu.o(.text)
    mpu_lp_accel_mode                        0x08004765   Thumb Code   218  inv_mpu.o(.text)
    mpu_set_sample_rate                      0x0800483f   Thumb Code   152  inv_mpu.o(.text)
    mpu_set_accel_fsr                        0x080048d7   Thumb Code   132  inv_mpu.o(.text)
    mpu_set_gyro_fsr                         0x0800495b   Thumb Code   132  inv_mpu.o(.text)
    mpu_init                                 0x080049df   Thumb Code   416  inv_mpu.o(.text)
    myget_ms                                 0x08004b7f   Thumb Code     2  inv_mpu.o(.text)
    mpu_get_gyro_reg                         0x08004b81   Thumb Code   110  inv_mpu.o(.text)
    mpu_get_accel_reg                        0x08004bef   Thumb Code   110  inv_mpu.o(.text)
    mpu_get_temperature                      0x08004c5d   Thumb Code   150  inv_mpu.o(.text)
    mpu_set_accel_bias                       0x08004cf3   Thumb Code   468  inv_mpu.o(.text)
    mpu_get_gyro_fsr                         0x08004ec7   Thumb Code    64  inv_mpu.o(.text)
    mpu_get_accel_fsr                        0x08004f07   Thumb Code    72  inv_mpu.o(.text)
    mpu_get_lpf                              0x08004f4f   Thumb Code    74  inv_mpu.o(.text)
    mpu_get_sample_rate                      0x08004f99   Thumb Code    26  inv_mpu.o(.text)
    mpu_get_compass_sample_rate              0x08004fb3   Thumb Code    10  inv_mpu.o(.text)
    mpu_set_compass_sample_rate              0x08004fbd   Thumb Code     8  inv_mpu.o(.text)
    mpu_get_gyro_sens                        0x08004fc5   Thumb Code    58  inv_mpu.o(.text)
    mpu_get_accel_sens                       0x08004fff   Thumb Code    78  inv_mpu.o(.text)
    mpu_get_fifo_config                      0x0800504d   Thumb Code    12  inv_mpu.o(.text)
    mpu_get_power_state                      0x08005059   Thumb Code    22  inv_mpu.o(.text)
    mpu_get_int_status                       0x0800506f   Thumb Code    64  inv_mpu.o(.text)
    mpu_read_fifo                            0x080050af   Thumb Code   520  inv_mpu.o(.text)
    mpu_read_fifo_stream                     0x080052b7   Thumb Code   186  inv_mpu.o(.text)
    mpu_set_int_level                        0x08005371   Thumb Code    12  inv_mpu.o(.text)
    mpu_set_dmp_state                        0x08005a51   Thumb Code   138  inv_mpu.o(.text)
    mpu_run_self_test                        0x08005adb   Thumb Code   278  inv_mpu.o(.text)
    mpu_write_mem                            0x08005bf1   Thumb Code   122  inv_mpu.o(.text)
    mpu_read_mem                             0x08005c6b   Thumb Code   122  inv_mpu.o(.text)
    mpu_load_firmware                        0x08005ce5   Thumb Code   190  inv_mpu.o(.text)
    mpu_get_dmp_state                        0x08005da3   Thumb Code    14  inv_mpu.o(.text)
    mpu_get_compass_reg                      0x08005db1   Thumb Code     8  inv_mpu.o(.text)
    mpu_get_compass_fsr                      0x08005db9   Thumb Code     8  inv_mpu.o(.text)
    mpu_lp_motion_interrupt                  0x08005dc1   Thumb Code   512  inv_mpu.o(.text)
    dmp_load_motion_driver_firmware          0x08005fc5   Thumb Code    20  inv_mpu_dmp_motion_driver.o(.text)
    dmp_set_orientation                      0x08005fd9   Thumb Code   290  inv_mpu_dmp_motion_driver.o(.text)
    dmp_set_gyro_bias                        0x080060fb   Thumb Code   294  inv_mpu_dmp_motion_driver.o(.text)
    dmp_set_accel_bias                       0x08006221   Thumb Code   300  inv_mpu_dmp_motion_driver.o(.text)
    dmp_set_fifo_rate                        0x0800634d   Thumb Code   136  inv_mpu_dmp_motion_driver.o(.text)
    dmp_get_fifo_rate                        0x080063d5   Thumb Code    12  inv_mpu_dmp_motion_driver.o(.text)
    dmp_set_tap_thresh                       0x080063e1   Thumb Code   396  inv_mpu_dmp_motion_driver.o(.text)
    dmp_set_tap_axes                         0x0800656d   Thumb Code    70  inv_mpu_dmp_motion_driver.o(.text)
    dmp_set_tap_count                        0x080065b3   Thumb Code    38  inv_mpu_dmp_motion_driver.o(.text)
    dmp_set_tap_time                         0x080065d9   Thumb Code    38  inv_mpu_dmp_motion_driver.o(.text)
    dmp_set_tap_time_multi                   0x080065ff   Thumb Code    38  inv_mpu_dmp_motion_driver.o(.text)
    dmp_set_shake_reject_thresh              0x08006625   Thumb Code    56  inv_mpu_dmp_motion_driver.o(.text)
    dmp_set_shake_reject_time                0x0800665d   Thumb Code    38  inv_mpu_dmp_motion_driver.o(.text)
    dmp_set_shake_reject_timeout             0x08006683   Thumb Code    38  inv_mpu_dmp_motion_driver.o(.text)
    dmp_get_pedometer_step_count             0x080066a9   Thumb Code    66  inv_mpu_dmp_motion_driver.o(.text)
    dmp_set_pedometer_step_count             0x080066eb   Thumb Code    42  inv_mpu_dmp_motion_driver.o(.text)
    dmp_get_pedometer_walk_time              0x08006715   Thumb Code    72  inv_mpu_dmp_motion_driver.o(.text)
    dmp_set_pedometer_walk_time              0x0800675d   Thumb Code    48  inv_mpu_dmp_motion_driver.o(.text)
    dmp_enable_6x_lp_quat                    0x0800678d   Thumb Code    84  inv_mpu_dmp_motion_driver.o(.text)
    dmp_enable_lp_quat                       0x080067e1   Thumb Code    60  inv_mpu_dmp_motion_driver.o(.text)
    dmp_enable_gyro_cal                      0x0800681d   Thumb Code    62  inv_mpu_dmp_motion_driver.o(.text)
    dmp_enable_feature                       0x0800685b   Thumb Code   530  inv_mpu_dmp_motion_driver.o(.text)
    dmp_get_enabled_features                 0x08006a6d   Thumb Code    12  inv_mpu_dmp_motion_driver.o(.text)
    dmp_set_interrupt_mode                   0x08006ad7   Thumb Code    66  inv_mpu_dmp_motion_driver.o(.text)
    dmp_read_fifo                            0x08006b19   Thumb Code   514  inv_mpu_dmp_motion_driver.o(.text)
    dmp_register_tap_cb                      0x08006d1b   Thumb Code    10  inv_mpu_dmp_motion_driver.o(.text)
    dmp_register_android_orient_cb           0x08006d25   Thumb Code    10  inv_mpu_dmp_motion_driver.o(.text)
    EXTI15_10_IRQHandler                     0x08006d35   Thumb Code   140  control.o(.text)
    getCrc8                                  0x08006df1   Thumb Code    56  mbotlinuxusart.o(.text)
    usartReceiveOneData                      0x08006e29   Thumb Code   498  mbotlinuxusart.o(.text)
    USART_Send_String                        0x0800701b   Thumb Code    48  mbotlinuxusart.o(.text)
    usartSendData                            0x0800704b   Thumb Code   252  mbotlinuxusart.o(.text)
    reset_Uk                                 0x080071c1   Thumb Code    10  pid.o(.text)
    PID_Init                                 0x080071cb   Thumb Code    88  pid.o(.text)
    PID_DIS_Init                             0x08007223   Thumb Code    56  pid.o(.text)
    PID_common                               0x0800725b   Thumb Code    80  pid.o(.text)
    Pid_Which                                0x080072ab   Thumb Code    92  pid.o(.text)
    Pid_Ctrl                                 0x08007307   Thumb Code    40  pid.o(.text)
    myabs                                    0x08007339   Thumb Code    14  motor.o(.text)
    Set_Pwm                                  0x08007347   Thumb Code   102  motor.o(.text)
    Turn_Off                                 0x080073ad   Thumb Code    54  motor.o(.text)
    App_main                                 0x080073e3   Thumb Code   198  motor.o(.text)
    __use_no_semihosting                     0x080074e1   Thumb Code     2  use_no_semi_2.o(.text)
    __aeabi_ldivmod                          0x080074e3   Thumb Code     0  llsdiv.o(.text)
    _ll_sdiv                                 0x080074e3   Thumb Code    72  llsdiv.o(.text)
    __2printf                                0x0800752d   Thumb Code    20  noretval__2printf.o(.text)
    __printf                                 0x08007545   Thumb Code   104  __printf.o(.text)
    _printf_int_dec                          0x080075ad   Thumb Code   104  _printf_dec.o(.text)
    memcmp                                   0x08007625   Thumb Code    88  memcmp.o(.text)
    __aeabi_memset                           0x0800767d   Thumb Code    16  aeabi_memset.o(.text)
    __aeabi_memclr4                          0x0800768d   Thumb Code     0  rt_memclr_w.o(.text)
    __aeabi_memclr8                          0x0800768d   Thumb Code     0  rt_memclr_w.o(.text)
    __rt_memclr_w                            0x0800768d   Thumb Code    78  rt_memclr_w.o(.text)
    _memset_w                                0x08007691   Thumb Code     0  rt_memclr_w.o(.text)
    __use_two_region_memory                  0x080076db   Thumb Code     2  heapauxi.o(.text)
    __rt_heap_escrow$2region                 0x080076dd   Thumb Code     2  heapauxi.o(.text)
    __rt_heap_expand$2region                 0x080076df   Thumb Code     2  heapauxi.o(.text)
    __I$use$semihosting                      0x080076e1   Thumb Code     0  use_no_semi.o(.text)
    __use_no_semihosting_swi                 0x080076e1   Thumb Code     2  use_no_semi.o(.text)
    __aeabi_uldivmod                         0x080076e3   Thumb Code     0  lludivv7m.o(.text)
    _ll_udiv                                 0x080076e3   Thumb Code   238  lludivv7m.o(.text)
    _printf_int_common                       0x080077d1   Thumb Code   178  _printf_intcommon.o(.text)
    _printf_char_file                        0x08007885   Thumb Code    32  _printf_char_file.o(.text)
    __aeabi_memclr                           0x080078a9   Thumb Code     0  rt_memclr.o(.text)
    __rt_memclr                              0x080078a9   Thumb Code    68  rt_memclr.o(.text)
    _memset                                  0x080078ad   Thumb Code     0  rt_memclr.o(.text)
    _printf_char_common                      0x080078f7   Thumb Code    32  _printf_char_common.o(.text)
    ferror                                   0x0800791d   Thumb Code     8  ferror.o(.text)
    __user_libspace                          0x08007925   Thumb Code     8  libspace.o(.text)
    __user_perproc_libspace                  0x08007925   Thumb Code     0  libspace.o(.text)
    __user_perthread_libspace                0x08007925   Thumb Code     0  libspace.o(.text)
    __user_setup_stackheap                   0x0800792d   Thumb Code    74  sys_stackheap_outer.o(.text)
    exit                                     0x08007977   Thumb Code    18  exit.o(.text)
    __ARM_fpclassify                         0x08007989   Thumb Code    40  fpclassify.o(i.__ARM_fpclassify)
    __kernel_poly                            0x080079b1   Thumb Code   170  poly.o(i.__kernel_poly)
    __mathlib_dbl_infnan                     0x08007a5b   Thumb Code     6  dunder.o(i.__mathlib_dbl_infnan)
    __mathlib_dbl_infnan2                    0x08007a61   Thumb Code     4  dunder.o(i.__mathlib_dbl_infnan2)
    __mathlib_dbl_underflow                  0x08007a65   Thumb Code    10  dunder.o(i.__mathlib_dbl_underflow)
    atan                                     0x08007a75   Thumb Code   474  atan.o(i.atan)
    atan2                                    0x08007c95   Thumb Code   346  atan2.o(i.atan2)
    __aeabi_d2f                              0x08007e15   Thumb Code     0  d2f.o(x$fpl$d2f)
    _d2f                                     0x08007e15   Thumb Code    98  d2f.o(x$fpl$d2f)
    __aeabi_dadd                             0x08007e79   Thumb Code     0  daddsub_clz.o(x$fpl$dadd)
    _dadd                                    0x08007e79   Thumb Code   332  daddsub_clz.o(x$fpl$dadd)
    __fpl_dcheck_NaN1                        0x08007fc9   Thumb Code    10  dcheck1.o(x$fpl$dcheck1)
    __aeabi_ddiv                             0x08007fd9   Thumb Code     0  ddiv.o(x$fpl$ddiv)
    _ddiv                                    0x08007fd9   Thumb Code   552  ddiv.o(x$fpl$ddiv)
    __aeabi_d2iz                             0x08008289   Thumb Code     0  dfix.o(x$fpl$dfix)
    _dfix                                    0x08008289   Thumb Code    94  dfix.o(x$fpl$dfix)
    __aeabi_i2d                              0x080082e7   Thumb Code     0  dflt_clz.o(x$fpl$dflt)
    _dflt                                    0x080082e7   Thumb Code    46  dflt_clz.o(x$fpl$dflt)
    __aeabi_ui2d                             0x08008315   Thumb Code     0  dflt_clz.o(x$fpl$dfltu)
    _dfltu                                   0x08008315   Thumb Code    38  dflt_clz.o(x$fpl$dfltu)
    __aeabi_dmul                             0x0800833d   Thumb Code     0  dmul.o(x$fpl$dmul)
    _dmul                                    0x0800833d   Thumb Code   332  dmul.o(x$fpl$dmul)
    __fpl_dnaninf                            0x08008491   Thumb Code   156  dnaninf.o(x$fpl$dnaninf)
    __fpl_dretinf                            0x0800852d   Thumb Code    12  dretinf.o(x$fpl$dretinf)
    __aeabi_drsub                            0x08008539   Thumb Code     0  daddsub_clz.o(x$fpl$drsb)
    _drsb                                    0x08008539   Thumb Code    22  daddsub_clz.o(x$fpl$drsb)
    __aeabi_dsub                             0x08008551   Thumb Code     0  daddsub_clz.o(x$fpl$dsub)
    _dsub                                    0x08008551   Thumb Code   464  daddsub_clz.o(x$fpl$dsub)
    __aeabi_f2d                              0x08008725   Thumb Code     0  f2d.o(x$fpl$f2d)
    _f2d                                     0x08008725   Thumb Code    86  f2d.o(x$fpl$f2d)
    __aeabi_fadd                             0x0800877d   Thumb Code     0  faddsub_clz.o(x$fpl$fadd)
    _fadd                                    0x0800877d   Thumb Code   196  faddsub_clz.o(x$fpl$fadd)
    __fpl_fcmp_Inf                           0x08008841   Thumb Code    24  fcmpi.o(x$fpl$fcmpinf)
    __aeabi_fdiv                             0x08008859   Thumb Code     0  fdiv.o(x$fpl$fdiv)
    _fdiv                                    0x08008859   Thumb Code   384  fdiv.o(x$fpl$fdiv)
    __aeabi_cfcmpeq                          0x080089dd   Thumb Code     0  feqf.o(x$fpl$feqf)
    _fcmpeq                                  0x080089dd   Thumb Code   104  feqf.o(x$fpl$feqf)
    __aeabi_f2iz                             0x08008a45   Thumb Code     0  ffix.o(x$fpl$ffix)
    _ffix                                    0x08008a45   Thumb Code    54  ffix.o(x$fpl$ffix)
    __aeabi_f2uiz                            0x08008a7d   Thumb Code     0  ffixu.o(x$fpl$ffixu)
    _ffixu                                   0x08008a7d   Thumb Code    62  ffixu.o(x$fpl$ffixu)
    __aeabi_i2f                              0x08008abd   Thumb Code     0  fflt_clz.o(x$fpl$fflt)
    _fflt                                    0x08008abd   Thumb Code    48  fflt_clz.o(x$fpl$fflt)
    __aeabi_ui2f                             0x08008aed   Thumb Code     0  fflt_clz.o(x$fpl$ffltu)
    _ffltu                                   0x08008aed   Thumb Code    38  fflt_clz.o(x$fpl$ffltu)
    __aeabi_cfcmple                          0x08008b15   Thumb Code     0  fleqf.o(x$fpl$fleqf)
    _fcmple                                  0x08008b15   Thumb Code   104  fleqf.o(x$fpl$fleqf)
    __fpl_fcmple_InfNaN                      0x08008b67   Thumb Code     0  fleqf.o(x$fpl$fleqf)
    __aeabi_fmul                             0x08008b7d   Thumb Code     0  fmul.o(x$fpl$fmul)
    _fmul                                    0x08008b7d   Thumb Code   258  fmul.o(x$fpl$fmul)
    __fpl_fnaninf                            0x08008c7f   Thumb Code   140  fnaninf.o(x$fpl$fnaninf)
    __fpl_fretinf                            0x08008d0b   Thumb Code    10  fretinf.o(x$fpl$fretinf)
    __aeabi_cfrcmple                         0x08008d15   Thumb Code     0  frleqf.o(x$fpl$frleqf)
    _frcmple                                 0x08008d15   Thumb Code    98  frleqf.o(x$fpl$frleqf)
    __aeabi_fsub                             0x08008d79   Thumb Code     0  faddsub_clz.o(x$fpl$fsub)
    _fsub                                    0x08008d79   Thumb Code   234  faddsub_clz.o(x$fpl$fsub)
    __fpl_return_NaN                         0x08008e63   Thumb Code   100  retnan.o(x$fpl$retnan)
    __ARM_scalbn                             0x08008ec7   Thumb Code    92  scalbn.o(x$fpl$scalbn)
    __fpl_cmpreturn                          0x08008f23   Thumb Code    48  trapv.o(x$fpl$trapveneer)
    __I$use$fp                               0x08008f52   Number         0  usenofp.o(x$fpl$usenofp)
    hw                                       0x08008f54   Data          12  inv_mpu.o(.constdata)
    reg                                      0x08008f60   Data          27  inv_mpu.o(.constdata)
    test                                     0x08008f7c   Data          40  inv_mpu.o(.constdata)
    header                                   0x08009b9a   Data           2  mbotlinuxusart.o(.constdata)
    ender                                    0x08009b9c   Data           2  mbotlinuxusart.o(.constdata)
    __mathlib_zero                           0x08009c38   Data           8  qnan.o(.constdata)
    Region$$Table$$Base                      0x08009c90   Number         0  anon$$obj.o(Region$$Table)
    Region$$Table$$Limit                     0x08009cb0   Number         0  anon$$obj.o(Region$$Table)
    SystemCoreClock                          0x20000000   Data           4  system_stm32f10x.o(.data)
    AHBPrescTable                            0x20000004   Data          16  system_stm32f10x.o(.data)
    buf                                      0x20000014   Data          15  mbot.o(.data)
    hongwaiFlag                              0x20000023   Data           1  mbot.o(.data)
    hongwaiCount                             0x20000024   Data           4  mbot.o(.data)
    __stdout                                 0x20000064   Data           4  usart3.o(.data)
    gyro                                     0x20000068   Data           6  mpu6050.o(.data)
    accel                                    0x2000006e   Data           6  mpu6050.o(.data)
    sensors                                  0x20000074   Data           2  mpu6050.o(.data)
    Pitch                                    0x20000078   Data           4  mpu6050.o(.data)
    Roll                                     0x2000007c   Data           4  mpu6050.o(.data)
    Yaw                                      0x20000080   Data           4  mpu6050.o(.data)
    q0                                       0x20000084   Data           4  mpu6050.o(.data)
    q1                                       0x20000088   Data           4  mpu6050.o(.data)
    q2                                       0x2000008c   Data           4  mpu6050.o(.data)
    q3                                       0x20000090   Data           4  mpu6050.o(.data)
    Gx_offset                                0x2000009e   Data           2  mpu6050.o(.data)
    Gy_offset                                0x200000a0   Data           2  mpu6050.o(.data)
    Gz_offset                                0x200000a2   Data           2  mpu6050.o(.data)
    Voltage                                  0x200000d0   Data           4  control.o(.data)
    yaw                                      0x200000d4   Data           4  control.o(.data)
    yaw_acc_error                            0x200000d8   Data           4  control.o(.data)
    sendCtrlFlag                             0x200000dc   Data           1  mbotlinuxusart.o(.data)
    receCtrlFlag                             0x200000dd   Data           1  mbotlinuxusart.o(.data)
    leftVelNow                               0x200000de   Data           2  mbotlinuxusart.o(.data)
    rightVelNow                              0x200000e0   Data           2  mbotlinuxusart.o(.data)
    angleNow                                 0x200000e2   Data           2  mbotlinuxusart.o(.data)
    battery_volt                             0x200000e4   Data           2  mbotlinuxusart.o(.data)
    q0_                                      0x200000e8   Data           4  mbotlinuxusart.o(.data)
    q1_                                      0x200000ec   Data           4  mbotlinuxusart.o(.data)
    q2_                                      0x200000f0   Data           4  mbotlinuxusart.o(.data)
    q3_                                      0x200000f4   Data           4  mbotlinuxusart.o(.data)
    leftVelSet                               0x200000f8   Data           2  mbotlinuxusart.o(.data)
    rightVelSet                              0x200000fa   Data           2  mbotlinuxusart.o(.data)
    motorLeft                                0x2000010c   Data           4  motor.o(.data)
    motorRight                               0x20000110   Data           4  motor.o(.data)
    leftSpeedNow                             0x20000114   Data           4  motor.o(.data)
    rightSpeedNow                            0x20000118   Data           4  motor.o(.data)
    leftSpeedSet                             0x2000011c   Data           4  motor.o(.data)
    rightSpeedSet                            0x20000120   Data           4  motor.o(.data)
    Flag_Qian                                0x20000124   Data           1  motor.o(.data)
    Flag_Hou                                 0x20000125   Data           1  motor.o(.data)
    Flag_Left                                0x20000126   Data           1  motor.o(.data)
    Flag_Right                               0x20000127   Data           1  motor.o(.data)
    Flag_sudu                                0x20000128   Data           1  motor.o(.data)
    Flag_useApp                              0x20000129   Data           1  motor.o(.data)
    buffer                                   0x2000012c   Data          14  mpu6050.o(.bss)
    MPU6050_FIFO                             0x2000013a   Data         132  mpu6050.o(.bss)
    receiveBuff                              0x200001d0   Data          16  mbotlinuxusart.o(.bss)
    pid_Task_Letf                            0x200001e0   Data          36  pid.o(.bss)
    pid_Task_Right                           0x20000204   Data          36  pid.o(.bss)
    __libspace_start                         0x20000228   Data          96  libspace.o(.bss)
    __temporary_stack_top$libspace           0x20000288   Data           0  libspace.o(.bss)



==============================================================================

Memory Map of the image

  Image Entry point : 0x080000ed

  Load Region LR_IROM1 (Base: 0x08000000, Size: 0x00009ddc, Max: 0x00010000, ABSOLUTE, COMPRESSED[0x00009cf4])

    Execution Region ER_IROM1 (Base: 0x08000000, Size: 0x00009cb0, Max: 0x00010000, ABSOLUTE)

    Base Addr    Size         Type   Attr      Idx    E Section Name        Object

    0x08000000   0x000000ec   Data   RO          256    RESET               startup_stm32f10x_md.o
    0x080000ec   0x00000008   Code   RO          696  * !!!main             c_w.l(__main.o)
    0x080000f4   0x00000034   Code   RO         1001    !!!scatter          c_w.l(__scatter.o)
    0x08000128   0x0000005a   Code   RO          999    !!dczerorl2         c_w.l(__dczerorl2.o)
    0x08000182   0x00000002   PAD
    0x08000184   0x0000001c   Code   RO         1003    !!handler_zi        c_w.l(__scatter_zi.o)
    0x080001a0   0x00000000   Code   RO          687    .ARM.Collect$$_printf_percent$$00000000  c_w.l(_printf_percent.o)
    0x080001a0   0x00000006   Code   RO          686    .ARM.Collect$$_printf_percent$$00000009  c_w.l(_printf_d.o)
    0x080001a6   0x00000004   Code   RO          775    .ARM.Collect$$_printf_percent$$00000017  c_w.l(_printf_percent_end.o)
    0x080001aa   0x00000002   Code   RO          866    .ARM.Collect$$libinit$$00000000  c_w.l(libinit.o)
    0x080001ac   0x00000000   Code   RO          876    .ARM.Collect$$libinit$$00000002  c_w.l(libinit2.o)
    0x080001ac   0x00000000   Code   RO          878    .ARM.Collect$$libinit$$00000004  c_w.l(libinit2.o)
    0x080001ac   0x00000000   Code   RO          881    .ARM.Collect$$libinit$$0000000A  c_w.l(libinit2.o)
    0x080001ac   0x00000000   Code   RO          883    .ARM.Collect$$libinit$$0000000C  c_w.l(libinit2.o)
    0x080001ac   0x00000000   Code   RO          885    .ARM.Collect$$libinit$$0000000E  c_w.l(libinit2.o)
    0x080001ac   0x00000000   Code   RO          888    .ARM.Collect$$libinit$$00000011  c_w.l(libinit2.o)
    0x080001ac   0x00000000   Code   RO          890    .ARM.Collect$$libinit$$00000013  c_w.l(libinit2.o)
    0x080001ac   0x00000000   Code   RO          892    .ARM.Collect$$libinit$$00000015  c_w.l(libinit2.o)
    0x080001ac   0x00000000   Code   RO          894    .ARM.Collect$$libinit$$00000017  c_w.l(libinit2.o)
    0x080001ac   0x00000000   Code   RO          896    .ARM.Collect$$libinit$$00000019  c_w.l(libinit2.o)
    0x080001ac   0x00000000   Code   RO          898    .ARM.Collect$$libinit$$0000001B  c_w.l(libinit2.o)
    0x080001ac   0x00000000   Code   RO          900    .ARM.Collect$$libinit$$0000001D  c_w.l(libinit2.o)
    0x080001ac   0x00000000   Code   RO          902    .ARM.Collect$$libinit$$0000001F  c_w.l(libinit2.o)
    0x080001ac   0x00000000   Code   RO          904    .ARM.Collect$$libinit$$00000021  c_w.l(libinit2.o)
    0x080001ac   0x00000000   Code   RO          906    .ARM.Collect$$libinit$$00000023  c_w.l(libinit2.o)
    0x080001ac   0x00000000   Code   RO          908    .ARM.Collect$$libinit$$00000025  c_w.l(libinit2.o)
    0x080001ac   0x00000000   Code   RO          912    .ARM.Collect$$libinit$$0000002C  c_w.l(libinit2.o)
    0x080001ac   0x00000000   Code   RO          914    .ARM.Collect$$libinit$$0000002E  c_w.l(libinit2.o)
    0x080001ac   0x00000000   Code   RO          916    .ARM.Collect$$libinit$$00000030  c_w.l(libinit2.o)
    0x080001ac   0x00000000   Code   RO          918    .ARM.Collect$$libinit$$00000032  c_w.l(libinit2.o)
    0x080001ac   0x00000002   Code   RO          919    .ARM.Collect$$libinit$$00000033  c_w.l(libinit2.o)
    0x080001ae   0x00000002   Code   RO          951    .ARM.Collect$$libshutdown$$00000000  c_w.l(libshutdown.o)
    0x080001b0   0x00000000   Code   RO          965    .ARM.Collect$$libshutdown$$00000002  c_w.l(libshutdown2.o)
    0x080001b0   0x00000000   Code   RO          967    .ARM.Collect$$libshutdown$$00000004  c_w.l(libshutdown2.o)
    0x080001b0   0x00000000   Code   RO          970    .ARM.Collect$$libshutdown$$00000007  c_w.l(libshutdown2.o)
    0x080001b0   0x00000000   Code   RO          973    .ARM.Collect$$libshutdown$$0000000A  c_w.l(libshutdown2.o)
    0x080001b0   0x00000000   Code   RO          975    .ARM.Collect$$libshutdown$$0000000C  c_w.l(libshutdown2.o)
    0x080001b0   0x00000000   Code   RO          978    .ARM.Collect$$libshutdown$$0000000F  c_w.l(libshutdown2.o)
    0x080001b0   0x00000002   Code   RO          979    .ARM.Collect$$libshutdown$$00000010  c_w.l(libshutdown2.o)
    0x080001b2   0x00000000   Code   RO          766    .ARM.Collect$$rtentry$$00000000  c_w.l(__rtentry.o)
    0x080001b2   0x00000000   Code   RO          815    .ARM.Collect$$rtentry$$00000002  c_w.l(__rtentry2.o)
    0x080001b2   0x00000006   Code   RO          827    .ARM.Collect$$rtentry$$00000004  c_w.l(__rtentry4.o)
    0x080001b8   0x00000000   Code   RO          817    .ARM.Collect$$rtentry$$00000009  c_w.l(__rtentry2.o)
    0x080001b8   0x00000004   Code   RO          818    .ARM.Collect$$rtentry$$0000000A  c_w.l(__rtentry2.o)
    0x080001bc   0x00000000   Code   RO          820    .ARM.Collect$$rtentry$$0000000C  c_w.l(__rtentry2.o)
    0x080001bc   0x00000008   Code   RO          821    .ARM.Collect$$rtentry$$0000000D  c_w.l(__rtentry2.o)
    0x080001c4   0x00000002   Code   RO          869    .ARM.Collect$$rtexit$$00000000  c_w.l(rtexit.o)
    0x080001c6   0x00000000   Code   RO          923    .ARM.Collect$$rtexit$$00000002  c_w.l(rtexit2.o)
    0x080001c6   0x00000004   Code   RO          924    .ARM.Collect$$rtexit$$00000003  c_w.l(rtexit2.o)
    0x080001ca   0x00000006   Code   RO          925    .ARM.Collect$$rtexit$$00000004  c_w.l(rtexit2.o)
    0x080001d0   0x0000000c   Code   RO          373    .emb_text           sys.o
    0x080001dc   0x0000001a   Code   RO            1    .text               stm32f10x_it.o
    0x080001f6   0x00000002   PAD
    0x080001f8   0x000001e0   Code   RO          104    .text               system_stm32f10x.o
    0x080003d8   0x0000053c   Code   RO          122    .text               mbot.o
    0x08000914   0x00000040   Code   RO          257    .text               startup_stm32f10x_md.o
    0x08000954   0x0000044e   Code   RO          261    .text               stm32f10x_adc.o
    0x08000da2   0x00000002   PAD
    0x08000da4   0x0000035c   Code   RO          273    .text               stm32f10x_gpio.o
    0x08001100   0x00000e1a   Code   RO          297    .text               stm32f10x_tim.o
    0x08001f1a   0x00000002   PAD
    0x08001f1c   0x00000408   Code   RO          309    .text               stm32f10x_usart.o
    0x08002324   0x000003a4   Code   RO          321    .text               stm32f10x_rcc.o
    0x080026c8   0x000000dc   Code   RO          335    .text               misc.o
    0x080027a4   0x0000011c   Code   RO          347    .text               stm32f10x_exti.o
    0x080028c0   0x000000d4   Code   RO          359    .text               delay.o
    0x08002994   0x000002bc   Code   RO          374    .text               sys.o
    0x08002c50   0x00000064   Code   RO          389    .text               led.o
    0x08002cb4   0x000000d8   Code   RO          402    .text               myexti.o
    0x08002d8c   0x0000016c   Code   RO          414    .text               adc.o
    0x08002ef8   0x00000214   Code   RO          427    .text               encoder.o
    0x0800310c   0x000000e0   Code   RO          440    .text               pwm.o
    0x080031ec   0x00000144   Code   RO          452    .text               usart1.o
    0x08003330   0x000000c4   Code   RO          464    .text               usart3.o
    0x080033f4   0x00000526   Code   RO          483    .text               ioi2c.o
    0x0800391a   0x00000002   PAD
    0x0800391c   0x00000818   Code   RO          495    .text               mpu6050.o
    0x08004134   0x00001e90   Code   RO          522    .text               inv_mpu.o
    0x08005fc4   0x00000d70   Code   RO          546    .text               inv_mpu_dmp_motion_driver.o
    0x08006d34   0x000000bc   Code   RO          561    .text               control.o
    0x08006df0   0x000003d0   Code   RO          596    .text               mbotlinuxusart.o
    0x080071c0   0x00000178   Code   RO          616    .text               pid.o
    0x08007338   0x000001a8   Code   RO          634    .text               motor.o
    0x080074e0   0x00000002   Code   RO          654    .text               c_w.l(use_no_semi_2.o)
    0x080074e2   0x00000048   Code   RO          656    .text               c_w.l(llsdiv.o)
    0x0800752a   0x00000002   PAD
    0x0800752c   0x00000018   Code   RO          660    .text               c_w.l(noretval__2printf.o)
    0x08007544   0x00000068   Code   RO          662    .text               c_w.l(__printf.o)
    0x080075ac   0x00000078   Code   RO          664    .text               c_w.l(_printf_dec.o)
    0x08007624   0x00000058   Code   RO          688    .text               c_w.l(memcmp.o)
    0x0800767c   0x00000010   Code   RO          690    .text               c_w.l(aeabi_memset.o)
    0x0800768c   0x0000004e   Code   RO          692    .text               c_w.l(rt_memclr_w.o)
    0x080076da   0x00000006   Code   RO          694    .text               c_w.l(heapauxi.o)
    0x080076e0   0x00000002   Code   RO          764    .text               c_w.l(use_no_semi.o)
    0x080076e2   0x000000ee   Code   RO          767    .text               c_w.l(lludivv7m.o)
    0x080077d0   0x000000b2   Code   RO          771    .text               c_w.l(_printf_intcommon.o)
    0x08007882   0x00000002   PAD
    0x08007884   0x00000024   Code   RO          773    .text               c_w.l(_printf_char_file.o)
    0x080078a8   0x00000044   Code   RO          776    .text               c_w.l(rt_memclr.o)
    0x080078ec   0x00000030   Code   RO          838    .text               c_w.l(_printf_char_common.o)
    0x0800791c   0x00000008   Code   RO          840    .text               c_w.l(ferror.o)
    0x08007924   0x00000008   Code   RO          850    .text               c_w.l(libspace.o)
    0x0800792c   0x0000004a   Code   RO          853    .text               c_w.l(sys_stackheap_outer.o)
    0x08007976   0x00000012   Code   RO          859    .text               c_w.l(exit.o)
    0x08007988   0x00000028   Code   RO          846    i.__ARM_fpclassify  m_ws.l(fpclassify.o)
    0x080079b0   0x000000aa   Code   RO          848    i.__kernel_poly     m_ws.l(poly.o)
    0x08007a5a   0x00000006   Code   RO          800    i.__mathlib_dbl_infnan  m_ws.l(dunder.o)
    0x08007a60   0x00000004   Code   RO          801    i.__mathlib_dbl_infnan2  m_ws.l(dunder.o)
    0x08007a64   0x00000010   Code   RO          805    i.__mathlib_dbl_underflow  m_ws.l(dunder.o)
    0x08007a74   0x00000220   Code   RO          790    i.atan              m_ws.l(atan.o)
    0x08007c94   0x00000180   Code   RO          757    i.atan2             m_ws.l(atan2.o)
    0x08007e14   0x00000062   Code   RO          698    x$fpl$d2f           fz_ws.l(d2f.o)
    0x08007e76   0x00000002   PAD
    0x08007e78   0x00000150   Code   RO          700    x$fpl$dadd          fz_ws.l(daddsub_clz.o)
    0x08007fc8   0x00000010   Code   RO          867    x$fpl$dcheck1       fz_ws.l(dcheck1.o)
    0x08007fd8   0x000002b0   Code   RO          707    x$fpl$ddiv          fz_ws.l(ddiv.o)
    0x08008288   0x0000005e   Code   RO          710    x$fpl$dfix          fz_ws.l(dfix.o)
    0x080082e6   0x0000002e   Code   RO          715    x$fpl$dflt          fz_ws.l(dflt_clz.o)
    0x08008314   0x00000026   Code   RO          714    x$fpl$dfltu         fz_ws.l(dflt_clz.o)
    0x0800833a   0x00000002   PAD
    0x0800833c   0x00000154   Code   RO          720    x$fpl$dmul          fz_ws.l(dmul.o)
    0x08008490   0x0000009c   Code   RO          778    x$fpl$dnaninf       fz_ws.l(dnaninf.o)
    0x0800852c   0x0000000c   Code   RO          780    x$fpl$dretinf       fz_ws.l(dretinf.o)
    0x08008538   0x00000016   Code   RO          701    x$fpl$drsb          fz_ws.l(daddsub_clz.o)
    0x0800854e   0x00000002   PAD
    0x08008550   0x000001d4   Code   RO          702    x$fpl$dsub          fz_ws.l(daddsub_clz.o)
    0x08008724   0x00000056   Code   RO          722    x$fpl$f2d           fz_ws.l(f2d.o)
    0x0800877a   0x00000002   PAD
    0x0800877c   0x000000c4   Code   RO          724    x$fpl$fadd          fz_ws.l(faddsub_clz.o)
    0x08008840   0x00000018   Code   RO          782    x$fpl$fcmpinf       fz_ws.l(fcmpi.o)
    0x08008858   0x00000184   Code   RO          731    x$fpl$fdiv          fz_ws.l(fdiv.o)
    0x080089dc   0x00000068   Code   RO          734    x$fpl$feqf          fz_ws.l(feqf.o)
    0x08008a44   0x00000036   Code   RO          736    x$fpl$ffix          fz_ws.l(ffix.o)
    0x08008a7a   0x00000002   PAD
    0x08008a7c   0x0000003e   Code   RO          740    x$fpl$ffixu         fz_ws.l(ffixu.o)
    0x08008aba   0x00000002   PAD
    0x08008abc   0x00000030   Code   RO          745    x$fpl$fflt          fz_ws.l(fflt_clz.o)
    0x08008aec   0x00000026   Code   RO          744    x$fpl$ffltu         fz_ws.l(fflt_clz.o)
    0x08008b12   0x00000002   PAD
    0x08008b14   0x00000068   Code   RO          750    x$fpl$fleqf         fz_ws.l(fleqf.o)
    0x08008b7c   0x00000102   Code   RO          752    x$fpl$fmul          fz_ws.l(fmul.o)
    0x08008c7e   0x0000008c   Code   RO          784    x$fpl$fnaninf       fz_ws.l(fnaninf.o)
    0x08008d0a   0x0000000a   Code   RO          786    x$fpl$fretinf       fz_ws.l(fretinf.o)
    0x08008d14   0x00000062   Code   RO          754    x$fpl$frleqf        fz_ws.l(frleqf.o)
    0x08008d76   0x00000002   PAD
    0x08008d78   0x000000ea   Code   RO          726    x$fpl$fsub          fz_ws.l(faddsub_clz.o)
    0x08008e62   0x00000064   Code   RO          920    x$fpl$retnan        fz_ws.l(retnan.o)
    0x08008ec6   0x0000005c   Code   RO          844    x$fpl$scalbn        fz_ws.l(scalbn.o)
    0x08008f22   0x00000030   Code   RO          939    x$fpl$trapveneer    fz_ws.l(trapv.o)
    0x08008f52   0x00000000   Code   RO          788    x$fpl$usenofp       fz_ws.l(usenofp.o)
    0x08008f52   0x00000002   PAD
    0x08008f54   0x00000050   Data   RO          523    .constdata          inv_mpu.o
    0x08008fa4   0x00000bf6   Data   RO          548    .constdata          inv_mpu_dmp_motion_driver.o
    0x08009b9a   0x00000004   Data   RO          598    .constdata          mbotlinuxusart.o
    0x08009b9e   0x00000002   PAD
    0x08009ba0   0x00000098   Data   RO          791    .constdata          m_ws.l(atan.o)
    0x08009c38   0x00000008   Data   RO          813    .constdata          m_ws.l(qnan.o)
    0x08009c40   0x0000004e   Data   RO          524    .conststring        inv_mpu.o
    0x08009c8e   0x00000002   PAD
    0x08009c90   0x00000020   Data   RO          997    Region$$Table       anon$$obj.o


    Execution Region RW_IRAM1 (Base: 0x20000000, Size: 0x00000888, Max: 0x00005000, ABSOLUTE, COMPRESSED[0x00000044])

    Base Addr    Size         Type   Attr      Idx    E Section Name        Object

    0x20000000   0x00000014   Data   RW          105    .data               system_stm32f10x.o
    0x20000014   0x00000018   Data   RW          123    .data               mbot.o
    0x2000002c   0x00000014   Data   RW          322    .data               stm32f10x_rcc.o
    0x20000040   0x00000004   Data   RW          360    .data               delay.o
    0x20000044   0x00000004   Data   RW          390    .data               led.o
    0x20000048   0x0000000c   Data   RW          415    .data               adc.o
    0x20000054   0x00000010   Data   RW          428    .data               encoder.o
    0x20000064   0x00000004   Data   RW          465    .data               usart3.o
    0x20000068   0x0000003c   Data   RW          497    .data               mpu6050.o
    0x200000a4   0x0000002c   Data   RW          525    .data               inv_mpu.o
    0x200000d0   0x0000000c   Data   RW          562    .data               control.o
    0x200000dc   0x00000030   Data   RW          599    .data               mbotlinuxusart.o
    0x2000010c   0x0000001e   Data   RW          635    .data               motor.o
    0x2000012a   0x00000002   PAD
    0x2000012c   0x00000092   Zero   RW          496    .bss                mpu6050.o
    0x200001be   0x00000002   PAD
    0x200001c0   0x00000010   Zero   RW          547    .bss                inv_mpu_dmp_motion_driver.o
    0x200001d0   0x00000010   Zero   RW          597    .bss                mbotlinuxusart.o
    0x200001e0   0x00000048   Zero   RW          617    .bss                pid.o
    0x20000228   0x00000060   Zero   RW          851    .bss                c_w.l(libspace.o)
    0x20000288   0x00000200   Zero   RW          255    HEAP                startup_stm32f10x_md.o
    0x20000488   0x00000400   Zero   RW          254    STACK               startup_stm32f10x_md.o


==============================================================================

Image component sizes


      Code (inc. data)   RO Data    RW Data    ZI Data      Debug   Object Name

       364         38          0         12          0       1528   adc.o
       188         48          0         12          0       1171   control.o
         0          0          0          0          0         32   core_cm3.o
       212         18          0          4          0       1367   delay.o
       532         38          0         16          0       2302   encoder.o
      7824        172        158         44          0      22039   inv_mpu.o
      3440        126       3062          0         16      15671   inv_mpu_dmp_motion_driver.o
      1318         12          0          0          0       6086   ioi2c.o
       100         10          0          4          0        861   led.o
      1340        154          0         24          0     218963   mbot.o
       976        122          4         48         16       4439   mbotlinuxusart.o
       220         22          0          0          0       2133   misc.o
       424         56          0         30          0       2257   motor.o
      2072        450          0         60        146      21755   mpu6050.o
       216          4          0          0          0       1044   myexti.o
       376         10          0          0         72       3310   pid.o
       224         12          0          0          0       1178   pwm.o
        64         26        236          0       1536        912   startup_stm32f10x_md.o
      1102         26          0          0          0      11377   stm32f10x_adc.o
       284         10          0          0          0       2591   stm32f10x_exti.o
       860         38          0          0          0       6065   stm32f10x_gpio.o
        26          0          0          0          0      50034   stm32f10x_it.o
       932         36          0         20          0       9412   stm32f10x_rcc.o
      3610         88          0          0          0      23176   stm32f10x_tim.o
      1032         22          0          0          0       8792   stm32f10x_usart.o
       712         44          0          0          0       3095   sys.o
       480         38          0         20          0       2235   system_stm32f10x.o
       324         14          0          0          0       1242   usart1.o
       196          8          0          4          0       3384   usart3.o

    ----------------------------------------------------------------------
     29456       1642       3496        300       1788     428451   Object Totals
         0          0         32          0          0          0   (incl. Generated)
         8          0          4          2          2          0   (incl. Padding)

    ----------------------------------------------------------------------

      Code (inc. data)   RO Data    RW Data    ZI Data      Debug   Library Member Name

        90          0          0          0          0          0   __dczerorl2.o
         8          0          0          0          0         68   __main.o
       104          0          0          0          0         84   __printf.o
         0          0          0          0          0          0   __rtentry.o
        12          0          0          0          0          0   __rtentry2.o
         6          0          0          0          0          0   __rtentry4.o
        52          8          0          0          0          0   __scatter.o
        28          0          0          0          0          0   __scatter_zi.o
        48          6          0          0          0         96   _printf_char_common.o
        36          4          0          0          0         80   _printf_char_file.o
         6          0          0          0          0          0   _printf_d.o
       120         16          0          0          0         92   _printf_dec.o
       178          0          0          0          0         88   _printf_intcommon.o
         0          0          0          0          0          0   _printf_percent.o
         4          0          0          0          0          0   _printf_percent_end.o
        16          0          0          0          0         68   aeabi_memset.o
        18          0          0          0          0         80   exit.o
         8          0          0          0          0         68   ferror.o
         6          0          0          0          0        152   heapauxi.o
         2          0          0          0          0          0   libinit.o
         2          0          0          0          0          0   libinit2.o
         2          0          0          0          0          0   libshutdown.o
         2          0          0          0          0          0   libshutdown2.o
         8          4          0          0         96         68   libspace.o
        72          0          0          0          0         76   llsdiv.o
       238          0          0          0          0        100   lludivv7m.o
        88          0          0          0          0         76   memcmp.o
        24          4          0          0          0         84   noretval__2printf.o
        68          0          0          0          0         68   rt_memclr.o
        78          0          0          0          0         80   rt_memclr_w.o
         2          0          0          0          0          0   rtexit.o
        10          0          0          0          0          0   rtexit2.o
        74          0          0          0          0         80   sys_stackheap_outer.o
         2          0          0          0          0         68   use_no_semi.o
         2          0          0          0          0         68   use_no_semi_2.o
        98          4          0          0          0         92   d2f.o
       826         16          0          0          0        348   daddsub_clz.o
        16          4          0          0          0         68   dcheck1.o
       688        140          0          0          0        208   ddiv.o
        94          4          0          0          0         92   dfix.o
        84          0          0          0          0        136   dflt_clz.o
       340         12          0          0          0        104   dmul.o
       156          4          0          0          0         92   dnaninf.o
        12          0          0          0          0         68   dretinf.o
        86          4          0          0          0         84   f2d.o
       430          8          0          0          0        168   faddsub_clz.o
        24          0          0          0          0         68   fcmpi.o
       388         76          0          0          0         96   fdiv.o
       104          4          0          0          0         84   feqf.o
        54          4          0          0          0         84   ffix.o
        62          4          0          0          0         84   ffixu.o
        86          0          0          0          0        136   fflt_clz.o
       104          4          0          0          0         84   fleqf.o
       258          4          0          0          0         84   fmul.o
       140          4          0          0          0         84   fnaninf.o
        10          0          0          0          0         68   fretinf.o
        98          0          0          0          0         68   frleqf.o
       100          0          0          0          0         68   retnan.o
        92          0          0          0          0         68   scalbn.o
        48          0          0          0          0         68   trapv.o
         0          0          0          0          0          0   usenofp.o
       544         70        152          0          0        124   atan.o
       384         38          0          0          0        144   atan2.o
        26          6          0          0          0        204   dunder.o
        40          0          0          0          0         68   fpclassify.o
       170          0          0          0          0         96   poly.o
         0          0          8          0          0          0   qnan.o

    ----------------------------------------------------------------------
      7000        452        160          0         96       4884   Library Totals
        24          0          0          0          0          0   (incl. Padding)

    ----------------------------------------------------------------------

      Code (inc. data)   RO Data    RW Data    ZI Data      Debug   Library Name

      1414         42          0          0         96       1644   c_w.l
      4398        296          0          0          0       2604   fz_ws.l
      1164        114        160          0          0        636   m_ws.l

    ----------------------------------------------------------------------
      7000        452        160          0         96       4884   Library Totals

    ----------------------------------------------------------------------

==============================================================================


      Code (inc. data)   RO Data    RW Data    ZI Data      Debug   

     36456       2094       3656        300       1884     428131   Grand Totals
     36456       2094       3656         68       1884     428131   ELF Image Totals (compressed)
     36456       2094       3656         68          0          0   ROM Totals

==============================================================================

    Total RO  Size (Code + RO Data)                40112 (  39.17kB)
    Total RW  Size (RW Data + ZI Data)              2184 (   2.13kB)
    Total ROM Size (Code + RO Data + RW Data)      40180 (  39.24kB)

==============================================================================

